{"__type":"$$EventMessageAudit","id":"efc8a19f-b3d3-4365-8995-b068f485e6cf","ts":"2025-11-07T18:04:14.082+00:00","eventName":"n8n.audit.user.login.success","message":"n8n.audit.user.login.success","payload":{"userId":"db8ec9f8-ce4b-4e83-8f75-45bf1ba77000","_email":"natan22201@gmail.com","_firstName":"Natan","_lastName":"Leite","globalRole":"global:owner","authenticationMethod":"email"}}
{"__type":"$$EventMessageConfirm","confirm":"efc8a19f-b3d3-4365-8995-b068f485e6cf","ts":"2025-11-07T18:04:14.084+00:00","source":{"id":"0","name":"eventBus"}}
{"__type":"$$EventMessageAudit","id":"a9269590-b122-48d6-860f-1274c4920a1a","ts":"2025-11-07T18:07:04.171+00:00","eventName":"n8n.audit.workflow.created","message":"n8n.audit.workflow.created","payload":{"userId":"db8ec9f8-ce4b-4e83-8f75-45bf1ba77000","_email":"natan22201@gmail.com","_firstName":"Natan","_lastName":"Leite","globalRole":"global:owner","workflowId":"gKHYaTt2JLUuIFnR","workflowName":"Fluxo Strapi → LM Studio → Strapi"}}
{"__type":"$$EventMessageConfirm","confirm":"a9269590-b122-48d6-860f-1274c4920a1a","ts":"2025-11-07T18:07:04.171+00:00","source":{"id":"0","name":"eventBus"}}
{"__type":"$$EventMessageAudit","id":"b59078df-6298-49e3-ac36-380addfbd6c7","ts":"2025-11-07T18:07:04.242+00:00","eventName":"n8n.audit.workflow.updated","message":"n8n.audit.workflow.updated","payload":{"userId":"db8ec9f8-ce4b-4e83-8f75-45bf1ba77000","_email":"natan22201@gmail.com","_firstName":"Natan","_lastName":"Leite","globalRole":"global:owner","workflowId":"gKHYaTt2JLUuIFnR","workflowName":"Fluxo Strapi → LM Studio → Strapi"}}
{"__type":"$$EventMessageConfirm","confirm":"b59078df-6298-49e3-ac36-380addfbd6c7","ts":"2025-11-07T18:07:04.242+00:00","source":{"id":"0","name":"eventBus"}}
{"__type":"$$EventMessageWorkflow","id":"3e8feb17-d49a-4c38-a36a-fde8c0d100c6","ts":"2025-11-07T15:15:57.484-03:00","eventName":"n8n.workflow.started","message":"n8n.workflow.started","payload":{"executionId":"1","workflowId":"gKHYaTt2JLUuIFnR","isManual":false,"workflowName":"Fluxo Strapi → LM Studio → Strapi"}}
{"__type":"$$EventMessageConfirm","confirm":"3e8feb17-d49a-4c38-a36a-fde8c0d100c6","ts":"2025-11-07T15:15:57.484-03:00","source":{"id":"0","name":"eventBus"}}
{"__type":"$$EventMessageNode","id":"cd4b4bc7-52c8-4c3a-b4c2-53637bf7dc5a","ts":"2025-11-07T15:15:57.485-03:00","eventName":"n8n.node.started","message":"n8n.node.started","payload":{"workflowId":"gKHYaTt2JLUuIFnR","workflowName":"Fluxo Strapi → LM Studio → Strapi","executionId":"1","nodeType":"n8n-nodes-base.webhook","nodeName":"Webhook (Nova Avaliação)","nodeId":"4f984f15-70a6-40b3-8000-ce838d8056eb"}}
{"__type":"$$EventMessageConfirm","confirm":"cd4b4bc7-52c8-4c3a-b4c2-53637bf7dc5a","ts":"2025-11-07T15:15:57.485-03:00","source":{"id":"0","name":"eventBus"}}
{"__type":"$$EventMessageNode","id":"0aa8d354-efbc-44e1-9ae3-d3b406b3aa85","ts":"2025-11-07T15:15:57.486-03:00","eventName":"n8n.node.finished","message":"n8n.node.finished","payload":{"workflowId":"gKHYaTt2JLUuIFnR","workflowName":"Fluxo Strapi → LM Studio → Strapi","executionId":"1","nodeType":"n8n-nodes-base.webhook","nodeName":"Webhook (Nova Avaliação)","nodeId":"4f984f15-70a6-40b3-8000-ce838d8056eb"}}
{"__type":"$$EventMessageConfirm","confirm":"0aa8d354-efbc-44e1-9ae3-d3b406b3aa85","ts":"2025-11-07T15:15:57.486-03:00","source":{"id":"0","name":"eventBus"}}
{"__type":"$$EventMessageWorkflow","id":"cf831713-7649-4777-87cf-191c8753a5a7","ts":"2025-11-07T15:15:57.488-03:00","eventName":"n8n.workflow.success","message":"n8n.workflow.success","payload":{"executionId":"1","success":true,"isManual":true,"workflowId":"gKHYaTt2JLUuIFnR","workflowName":"Fluxo Strapi → LM Studio → Strapi"}}
{"__type":"$$EventMessageConfirm","confirm":"cf831713-7649-4777-87cf-191c8753a5a7","ts":"2025-11-07T15:15:57.489-03:00","source":{"id":"0","name":"eventBus"}}
{"__type":"$$EventMessageWorkflow","id":"44338c59-ecb3-4b79-88f1-d1abd264593d","ts":"2025-11-07T15:26:52.458-03:00","eventName":"n8n.workflow.started","message":"n8n.workflow.started","payload":{"executionId":"2","workflowId":"gKHYaTt2JLUuIFnR","isManual":false,"workflowName":"Fluxo Strapi → LM Studio → Strapi"}}
{"__type":"$$EventMessageConfirm","confirm":"44338c59-ecb3-4b79-88f1-d1abd264593d","ts":"2025-11-07T15:26:52.458-03:00","source":{"id":"0","name":"eventBus"}}
{"__type":"$$EventMessageNode","id":"dc4a7a24-854a-49a1-8d5a-afd233784e7a","ts":"2025-11-07T15:26:52.458-03:00","eventName":"n8n.node.started","message":"n8n.node.started","payload":{"workflowId":"gKHYaTt2JLUuIFnR","workflowName":"Fluxo Strapi → LM Studio → Strapi","executionId":"2","nodeType":"n8n-nodes-base.webhook","nodeName":"Webhook (Nova Avaliação)","nodeId":"4f984f15-70a6-40b3-8000-ce838d8056eb"}}
{"__type":"$$EventMessageConfirm","confirm":"dc4a7a24-854a-49a1-8d5a-afd233784e7a","ts":"2025-11-07T15:26:52.459-03:00","source":{"id":"0","name":"eventBus"}}
{"__type":"$$EventMessageNode","id":"3f3a872d-755a-4adc-bbd6-1a2d1b9b88ca","ts":"2025-11-07T15:26:52.467-03:00","eventName":"n8n.node.finished","message":"n8n.node.finished","payload":{"workflowId":"gKHYaTt2JLUuIFnR","workflowName":"Fluxo Strapi → LM Studio → Strapi","executionId":"2","nodeType":"n8n-nodes-base.webhook","nodeName":"Webhook (Nova Avaliação)","nodeId":"4f984f15-70a6-40b3-8000-ce838d8056eb"}}
{"__type":"$$EventMessageConfirm","confirm":"3f3a872d-755a-4adc-bbd6-1a2d1b9b88ca","ts":"2025-11-07T15:26:52.467-03:00","source":{"id":"0","name":"eventBus"}}
{"__type":"$$EventMessageNode","id":"cf364ef0-32ba-4b59-9dab-7dc52a94284b","ts":"2025-11-07T15:26:52.468-03:00","eventName":"n8n.node.started","message":"n8n.node.started","payload":{"workflowId":"gKHYaTt2JLUuIFnR","workflowName":"Fluxo Strapi → LM Studio → Strapi","executionId":"2","nodeType":"n8n-nodes-base.httpRequest","nodeName":"Enviar p/ LM Studio","nodeId":"697e7691-28d6-4806-a576-5f650160561c"}}
{"__type":"$$EventMessageConfirm","confirm":"cf364ef0-32ba-4b59-9dab-7dc52a94284b","ts":"2025-11-07T15:26:52.468-03:00","source":{"id":"0","name":"eventBus"}}
{"__type":"$$EventMessageNode","id":"a3dfde5f-7613-4790-b456-bd87a2cc4398","ts":"2025-11-07T15:26:52.525-03:00","eventName":"n8n.node.finished","message":"n8n.node.finished","payload":{"workflowId":"gKHYaTt2JLUuIFnR","workflowName":"Fluxo Strapi → LM Studio → Strapi","executionId":"2","nodeType":"n8n-nodes-base.httpRequest","nodeName":"Enviar p/ LM Studio","nodeId":"697e7691-28d6-4806-a576-5f650160561c"}}
{"__type":"$$EventMessageConfirm","confirm":"a3dfde5f-7613-4790-b456-bd87a2cc4398","ts":"2025-11-07T15:26:52.526-03:00","source":{"id":"0","name":"eventBus"}}
{"__type":"$$EventMessageWorkflow","id":"0876008e-88d3-4565-8300-9520b9e344b5","ts":"2025-11-07T15:26:52.526-03:00","eventName":"n8n.workflow.failed","message":"n8n.workflow.failed","payload":{"executionId":"2","success":false,"isManual":false,"workflowId":"gKHYaTt2JLUuIFnR","workflowName":"Fluxo Strapi → LM Studio → Strapi","lastNodeExecuted":"Enviar p/ LM Studio","errorNodeType":"n8n-nodes-base.httpRequest","errorMessage":"The service refused the connection - perhaps it is offline"}}
{"__type":"$$EventMessageConfirm","confirm":"0876008e-88d3-4565-8300-9520b9e344b5","ts":"2025-11-07T15:26:52.526-03:00","source":{"id":"0","name":"eventBus"}}
{"__type":"$$EventMessageWorkflow","id":"c278e315-d697-4128-93fa-acbb815e6152","ts":"2025-11-07T15:34:17.763-03:00","eventName":"n8n.workflow.started","message":"n8n.workflow.started","payload":{"executionId":"3","workflowId":"gKHYaTt2JLUuIFnR","isManual":false,"workflowName":"Fluxo Strapi → LM Studio → Strapi"}}
{"__type":"$$EventMessageConfirm","confirm":"c278e315-d697-4128-93fa-acbb815e6152","ts":"2025-11-07T15:34:17.763-03:00","source":{"id":"0","name":"eventBus"}}
{"__type":"$$EventMessageNode","id":"d5b4574d-5fda-4287-a37c-d51b51a1a18f","ts":"2025-11-07T15:34:17.764-03:00","eventName":"n8n.node.started","message":"n8n.node.started","payload":{"workflowId":"gKHYaTt2JLUuIFnR","workflowName":"Fluxo Strapi → LM Studio → Strapi","executionId":"3","nodeType":"n8n-nodes-base.webhook","nodeName":"Webhook (Nova Avaliação)","nodeId":"4f984f15-70a6-40b3-8000-ce838d8056eb"}}
{"__type":"$$EventMessageConfirm","confirm":"d5b4574d-5fda-4287-a37c-d51b51a1a18f","ts":"2025-11-07T15:34:17.764-03:00","source":{"id":"0","name":"eventBus"}}
{"__type":"$$EventMessageNode","id":"602548dd-2521-4c00-a385-1a09acb15bd6","ts":"2025-11-07T15:34:17.764-03:00","eventName":"n8n.node.finished","message":"n8n.node.finished","payload":{"workflowId":"gKHYaTt2JLUuIFnR","workflowName":"Fluxo Strapi → LM Studio → Strapi","executionId":"3","nodeType":"n8n-nodes-base.webhook","nodeName":"Webhook (Nova Avaliação)","nodeId":"4f984f15-70a6-40b3-8000-ce838d8056eb"}}
{"__type":"$$EventMessageConfirm","confirm":"602548dd-2521-4c00-a385-1a09acb15bd6","ts":"2025-11-07T15:34:17.764-03:00","source":{"id":"0","name":"eventBus"}}
{"__type":"$$EventMessageNode","id":"b723e71c-4e02-4d73-9579-9cf6ae90d6d7","ts":"2025-11-07T15:34:17.764-03:00","eventName":"n8n.node.started","message":"n8n.node.started","payload":{"workflowId":"gKHYaTt2JLUuIFnR","workflowName":"Fluxo Strapi → LM Studio → Strapi","executionId":"3","nodeType":"n8n-nodes-base.httpRequest","nodeName":"HTTP Request","nodeId":"5ca16ad8-6db6-4479-ae0c-751525eb86d8"}}
{"__type":"$$EventMessageConfirm","confirm":"b723e71c-4e02-4d73-9579-9cf6ae90d6d7","ts":"2025-11-07T15:34:17.765-03:00","source":{"id":"0","name":"eventBus"}}
{"__type":"$$EventMessageNode","id":"8c8500c7-68d0-47bb-ae51-911a292c14dd","ts":"2025-11-07T15:34:17.777-03:00","eventName":"n8n.node.finished","message":"n8n.node.finished","payload":{"workflowId":"gKHYaTt2JLUuIFnR","workflowName":"Fluxo Strapi → LM Studio → Strapi","executionId":"3","nodeType":"n8n-nodes-base.httpRequest","nodeName":"HTTP Request","nodeId":"5ca16ad8-6db6-4479-ae0c-751525eb86d8"}}
{"__type":"$$EventMessageConfirm","confirm":"8c8500c7-68d0-47bb-ae51-911a292c14dd","ts":"2025-11-07T15:34:17.777-03:00","source":{"id":"0","name":"eventBus"}}
{"__type":"$$EventMessageWorkflow","id":"c6ed4d23-0ca1-45cd-a80d-bf766fa3bd72","ts":"2025-11-07T15:34:17.780-03:00","eventName":"n8n.workflow.failed","message":"n8n.workflow.failed","payload":{"executionId":"3","success":false,"isManual":true,"workflowId":"gKHYaTt2JLUuIFnR","workflowName":"Fluxo Strapi → LM Studio → Strapi","lastNodeExecuted":"HTTP Request","errorNodeType":"n8n-nodes-base.httpRequest","errorMessage":"The service refused the connection - perhaps it is offline"}}
{"__type":"$$EventMessageConfirm","confirm":"c6ed4d23-0ca1-45cd-a80d-bf766fa3bd72","ts":"2025-11-07T15:34:17.780-03:00","source":{"id":"0","name":"eventBus"}}
{"__type":"$$EventMessageWorkflow","id":"9e9c7071-e8c3-480c-94b4-238d74025d57","ts":"2025-11-07T15:37:43.050-03:00","eventName":"n8n.workflow.started","message":"n8n.workflow.started","payload":{"executionId":"4","workflowId":"gKHYaTt2JLUuIFnR","isManual":false,"workflowName":"Fluxo Strapi → LM Studio → Strapi"}}
{"__type":"$$EventMessageConfirm","confirm":"9e9c7071-e8c3-480c-94b4-238d74025d57","ts":"2025-11-07T15:37:43.050-03:00","source":{"id":"0","name":"eventBus"}}
{"__type":"$$EventMessageNode","id":"4f9fcf88-d491-44ac-a2ba-4e33974b6db9","ts":"2025-11-07T15:37:43.050-03:00","eventName":"n8n.node.started","message":"n8n.node.started","payload":{"workflowId":"gKHYaTt2JLUuIFnR","workflowName":"Fluxo Strapi → LM Studio → Strapi","executionId":"4","nodeType":"n8n-nodes-base.webhook","nodeName":"Webhook (Nova Avaliação)","nodeId":"4f984f15-70a6-40b3-8000-ce838d8056eb"}}
{"__type":"$$EventMessageConfirm","confirm":"4f9fcf88-d491-44ac-a2ba-4e33974b6db9","ts":"2025-11-07T15:37:43.050-03:00","source":{"id":"0","name":"eventBus"}}
{"__type":"$$EventMessageNode","id":"a7329e93-c031-41a5-bbe4-836f6e95e24b","ts":"2025-11-07T15:37:43.051-03:00","eventName":"n8n.node.finished","message":"n8n.node.finished","payload":{"workflowId":"gKHYaTt2JLUuIFnR","workflowName":"Fluxo Strapi → LM Studio → Strapi","executionId":"4","nodeType":"n8n-nodes-base.webhook","nodeName":"Webhook (Nova Avaliação)","nodeId":"4f984f15-70a6-40b3-8000-ce838d8056eb"}}
{"__type":"$$EventMessageConfirm","confirm":"a7329e93-c031-41a5-bbe4-836f6e95e24b","ts":"2025-11-07T15:37:43.051-03:00","source":{"id":"0","name":"eventBus"}}
{"__type":"$$EventMessageNode","id":"616beb92-95ab-45a5-be51-b19ec6a92b2a","ts":"2025-11-07T15:37:43.051-03:00","eventName":"n8n.node.started","message":"n8n.node.started","payload":{"workflowId":"gKHYaTt2JLUuIFnR","workflowName":"Fluxo Strapi → LM Studio → Strapi","executionId":"4","nodeType":"n8n-nodes-base.httpRequest","nodeName":"Enviar p/ LM Studio","nodeId":"697e7691-28d6-4806-a576-5f650160561c"}}
{"__type":"$$EventMessageConfirm","confirm":"616beb92-95ab-45a5-be51-b19ec6a92b2a","ts":"2025-11-07T15:37:43.051-03:00","source":{"id":"0","name":"eventBus"}}
{"__type":"$$EventMessageNode","id":"d7e667a0-2b38-4ade-bd35-6938587d98e6","ts":"2025-11-07T15:37:43.053-03:00","eventName":"n8n.node.finished","message":"n8n.node.finished","payload":{"workflowId":"gKHYaTt2JLUuIFnR","workflowName":"Fluxo Strapi → LM Studio → Strapi","executionId":"4","nodeType":"n8n-nodes-base.httpRequest","nodeName":"Enviar p/ LM Studio","nodeId":"697e7691-28d6-4806-a576-5f650160561c"}}
{"__type":"$$EventMessageConfirm","confirm":"d7e667a0-2b38-4ade-bd35-6938587d98e6","ts":"2025-11-07T15:37:43.053-03:00","source":{"id":"0","name":"eventBus"}}
{"__type":"$$EventMessageWorkflow","id":"b2707a70-e5cf-4dcb-82fe-d5177e1fca24","ts":"2025-11-07T15:37:43.054-03:00","eventName":"n8n.workflow.failed","message":"n8n.workflow.failed","payload":{"executionId":"4","success":false,"isManual":true,"workflowId":"gKHYaTt2JLUuIFnR","workflowName":"Fluxo Strapi → LM Studio → Strapi","lastNodeExecuted":"Enviar p/ LM Studio","errorNodeType":"n8n-nodes-base.httpRequest","errorMessage":"The service refused the connection - perhaps it is offline"}}
{"__type":"$$EventMessageConfirm","confirm":"b2707a70-e5cf-4dcb-82fe-d5177e1fca24","ts":"2025-11-07T15:37:43.054-03:00","source":{"id":"0","name":"eventBus"}}
{"__type":"$$EventMessageWorkflow","id":"8a9e1563-2478-4d56-aa55-8cc821a5c887","ts":"2025-11-07T15:41:32.773-03:00","eventName":"n8n.workflow.started","message":"n8n.workflow.started","payload":{"executionId":"5","workflowId":"gKHYaTt2JLUuIFnR","isManual":false,"workflowName":"Fluxo Strapi → LM Studio → Strapi"}}
{"__type":"$$EventMessageConfirm","confirm":"8a9e1563-2478-4d56-aa55-8cc821a5c887","ts":"2025-11-07T15:41:32.773-03:00","source":{"id":"0","name":"eventBus"}}
{"__type":"$$EventMessageNode","id":"5b66caa3-a387-4fc7-9aa9-f9cbe7dc5d1a","ts":"2025-11-07T15:41:32.773-03:00","eventName":"n8n.node.started","message":"n8n.node.started","payload":{"workflowId":"gKHYaTt2JLUuIFnR","workflowName":"Fluxo Strapi → LM Studio → Strapi","executionId":"5","nodeType":"n8n-nodes-base.webhook","nodeName":"Webhook (Nova Avaliação)","nodeId":"4f984f15-70a6-40b3-8000-ce838d8056eb"}}
{"__type":"$$EventMessageConfirm","confirm":"5b66caa3-a387-4fc7-9aa9-f9cbe7dc5d1a","ts":"2025-11-07T15:41:32.773-03:00","source":{"id":"0","name":"eventBus"}}
{"__type":"$$EventMessageNode","id":"b628eea6-b163-45e1-8dd5-59cc2be65109","ts":"2025-11-07T15:41:32.773-03:00","eventName":"n8n.node.finished","message":"n8n.node.finished","payload":{"workflowId":"gKHYaTt2JLUuIFnR","workflowName":"Fluxo Strapi → LM Studio → Strapi","executionId":"5","nodeType":"n8n-nodes-base.webhook","nodeName":"Webhook (Nova Avaliação)","nodeId":"4f984f15-70a6-40b3-8000-ce838d8056eb"}}
{"__type":"$$EventMessageConfirm","confirm":"b628eea6-b163-45e1-8dd5-59cc2be65109","ts":"2025-11-07T15:41:32.773-03:00","source":{"id":"0","name":"eventBus"}}
{"__type":"$$EventMessageNode","id":"15bcc982-d677-401f-89cb-934121136fb9","ts":"2025-11-07T15:41:32.774-03:00","eventName":"n8n.node.started","message":"n8n.node.started","payload":{"workflowId":"gKHYaTt2JLUuIFnR","workflowName":"Fluxo Strapi → LM Studio → Strapi","executionId":"5","nodeType":"n8n-nodes-base.httpRequest","nodeName":"Enviar p/ LM Studio","nodeId":"697e7691-28d6-4806-a576-5f650160561c"}}
{"__type":"$$EventMessageConfirm","confirm":"15bcc982-d677-401f-89cb-934121136fb9","ts":"2025-11-07T15:41:32.774-03:00","source":{"id":"0","name":"eventBus"}}
{"__type":"$$EventMessageNode","id":"b45b3876-5adc-4307-aeed-cfa1bb52b685","ts":"2025-11-07T15:41:34.827-03:00","eventName":"n8n.node.finished","message":"n8n.node.finished","payload":{"workflowId":"gKHYaTt2JLUuIFnR","workflowName":"Fluxo Strapi → LM Studio → Strapi","executionId":"5","nodeType":"n8n-nodes-base.httpRequest","nodeName":"Enviar p/ LM Studio","nodeId":"697e7691-28d6-4806-a576-5f650160561c"}}
{"__type":"$$EventMessageConfirm","confirm":"b45b3876-5adc-4307-aeed-cfa1bb52b685","ts":"2025-11-07T15:41:34.827-03:00","source":{"id":"0","name":"eventBus"}}
{"__type":"$$EventMessageWorkflow","id":"75bb1271-ba9d-4bb6-b743-10bc6336e964","ts":"2025-11-07T15:41:34.830-03:00","eventName":"n8n.workflow.failed","message":"n8n.workflow.failed","payload":{"executionId":"5","success":false,"isManual":true,"workflowId":"gKHYaTt2JLUuIFnR","workflowName":"Fluxo Strapi → LM Studio → Strapi","lastNodeExecuted":"Enviar p/ LM Studio","errorNodeType":"n8n-nodes-base.httpRequest","errorMessage":"The service refused the connection - perhaps it is offline"}}
{"__type":"$$EventMessageConfirm","confirm":"75bb1271-ba9d-4bb6-b743-10bc6336e964","ts":"2025-11-07T15:41:34.830-03:00","source":{"id":"0","name":"eventBus"}}
{"__type":"$$EventMessageWorkflow","id":"fa2368f0-a458-4da8-9a1b-b77d38bf17df","ts":"2025-11-07T15:43:10.227-03:00","eventName":"n8n.workflow.started","message":"n8n.workflow.started","payload":{"executionId":"6","workflowId":"gKHYaTt2JLUuIFnR","isManual":false,"workflowName":"Fluxo Strapi → LM Studio → Strapi"}}
{"__type":"$$EventMessageConfirm","confirm":"fa2368f0-a458-4da8-9a1b-b77d38bf17df","ts":"2025-11-07T15:43:10.227-03:00","source":{"id":"0","name":"eventBus"}}
{"__type":"$$EventMessageNode","id":"d4092c35-5d78-45fd-aaba-f88286f74591","ts":"2025-11-07T15:43:10.227-03:00","eventName":"n8n.node.started","message":"n8n.node.started","payload":{"workflowId":"gKHYaTt2JLUuIFnR","workflowName":"Fluxo Strapi → LM Studio → Strapi","executionId":"6","nodeType":"n8n-nodes-base.webhook","nodeName":"Webhook (Nova Avaliação)","nodeId":"4f984f15-70a6-40b3-8000-ce838d8056eb"}}
{"__type":"$$EventMessageConfirm","confirm":"d4092c35-5d78-45fd-aaba-f88286f74591","ts":"2025-11-07T15:43:10.227-03:00","source":{"id":"0","name":"eventBus"}}
{"__type":"$$EventMessageNode","id":"9d86ffa1-867b-4d70-a155-8cd9065e6b85","ts":"2025-11-07T15:43:10.227-03:00","eventName":"n8n.node.finished","message":"n8n.node.finished","payload":{"workflowId":"gKHYaTt2JLUuIFnR","workflowName":"Fluxo Strapi → LM Studio → Strapi","executionId":"6","nodeType":"n8n-nodes-base.webhook","nodeName":"Webhook (Nova Avaliação)","nodeId":"4f984f15-70a6-40b3-8000-ce838d8056eb"}}
{"__type":"$$EventMessageConfirm","confirm":"9d86ffa1-867b-4d70-a155-8cd9065e6b85","ts":"2025-11-07T15:43:10.227-03:00","source":{"id":"0","name":"eventBus"}}
{"__type":"$$EventMessageNode","id":"f6f16c54-28db-43ec-859b-82656c19107b","ts":"2025-11-07T15:43:10.228-03:00","eventName":"n8n.node.started","message":"n8n.node.started","payload":{"workflowId":"gKHYaTt2JLUuIFnR","workflowName":"Fluxo Strapi → LM Studio → Strapi","executionId":"6","nodeType":"n8n-nodes-base.httpRequest","nodeName":"Enviar p/ LM Studio","nodeId":"697e7691-28d6-4806-a576-5f650160561c"}}
{"__type":"$$EventMessageConfirm","confirm":"f6f16c54-28db-43ec-859b-82656c19107b","ts":"2025-11-07T15:43:10.228-03:00","source":{"id":"0","name":"eventBus"}}
{"__type":"$$EventMessageNode","id":"7b3b2b51-46a5-4b5d-a296-7bf07e63ae81","ts":"2025-11-07T15:43:12.263-03:00","eventName":"n8n.node.finished","message":"n8n.node.finished","payload":{"workflowId":"gKHYaTt2JLUuIFnR","workflowName":"Fluxo Strapi → LM Studio → Strapi","executionId":"6","nodeType":"n8n-nodes-base.httpRequest","nodeName":"Enviar p/ LM Studio","nodeId":"697e7691-28d6-4806-a576-5f650160561c"}}
{"__type":"$$EventMessageConfirm","confirm":"7b3b2b51-46a5-4b5d-a296-7bf07e63ae81","ts":"2025-11-07T15:43:12.264-03:00","source":{"id":"0","name":"eventBus"}}
{"__type":"$$EventMessageWorkflow","id":"e3ba5a64-d4f4-45be-9f5f-e7df95b48591","ts":"2025-11-07T15:43:12.265-03:00","eventName":"n8n.workflow.failed","message":"n8n.workflow.failed","payload":{"executionId":"6","success":false,"isManual":true,"workflowId":"gKHYaTt2JLUuIFnR","workflowName":"Fluxo Strapi → LM Studio → Strapi","lastNodeExecuted":"Enviar p/ LM Studio","errorNodeType":"n8n-nodes-base.httpRequest","errorMessage":"The service refused the connection - perhaps it is offline"}}
{"__type":"$$EventMessageConfirm","confirm":"e3ba5a64-d4f4-45be-9f5f-e7df95b48591","ts":"2025-11-07T15:43:12.265-03:00","source":{"id":"0","name":"eventBus"}}
{"__type":"$$EventMessageWorkflow","id":"75a278e8-682f-4013-af51-73513e6b7998","ts":"2025-11-07T15:53:37.009-03:00","eventName":"n8n.workflow.started","message":"n8n.workflow.started","payload":{"executionId":"7","workflowId":"gKHYaTt2JLUuIFnR","isManual":false,"workflowName":"Fluxo Strapi → LM Studio → Strapi"}}
{"__type":"$$EventMessageConfirm","confirm":"75a278e8-682f-4013-af51-73513e6b7998","ts":"2025-11-07T15:53:37.010-03:00","source":{"id":"0","name":"eventBus"}}
{"__type":"$$EventMessageNode","id":"fb463f73-1648-43b6-bcab-686925b762a1","ts":"2025-11-07T15:53:37.010-03:00","eventName":"n8n.node.started","message":"n8n.node.started","payload":{"workflowId":"gKHYaTt2JLUuIFnR","workflowName":"Fluxo Strapi → LM Studio → Strapi","executionId":"7","nodeType":"n8n-nodes-base.webhook","nodeName":"Webhook (Nova Avaliação)","nodeId":"4f984f15-70a6-40b3-8000-ce838d8056eb"}}
{"__type":"$$EventMessageConfirm","confirm":"fb463f73-1648-43b6-bcab-686925b762a1","ts":"2025-11-07T15:53:37.010-03:00","source":{"id":"0","name":"eventBus"}}
{"__type":"$$EventMessageNode","id":"ebbb2308-e0cb-493f-a0f3-5cca0171016c","ts":"2025-11-07T15:53:37.010-03:00","eventName":"n8n.node.finished","message":"n8n.node.finished","payload":{"workflowId":"gKHYaTt2JLUuIFnR","workflowName":"Fluxo Strapi → LM Studio → Strapi","executionId":"7","nodeType":"n8n-nodes-base.webhook","nodeName":"Webhook (Nova Avaliação)","nodeId":"4f984f15-70a6-40b3-8000-ce838d8056eb"}}
{"__type":"$$EventMessageConfirm","confirm":"ebbb2308-e0cb-493f-a0f3-5cca0171016c","ts":"2025-11-07T15:53:37.010-03:00","source":{"id":"0","name":"eventBus"}}
{"__type":"$$EventMessageNode","id":"55216604-a5c5-4afa-b12e-aabe4feb73ed","ts":"2025-11-07T15:53:37.011-03:00","eventName":"n8n.node.started","message":"n8n.node.started","payload":{"workflowId":"gKHYaTt2JLUuIFnR","workflowName":"Fluxo Strapi → LM Studio → Strapi","executionId":"7","nodeType":"n8n-nodes-base.httpRequest","nodeName":"Enviar p/ LM Studio","nodeId":"697e7691-28d6-4806-a576-5f650160561c"}}
{"__type":"$$EventMessageConfirm","confirm":"55216604-a5c5-4afa-b12e-aabe4feb73ed","ts":"2025-11-07T15:53:37.011-03:00","source":{"id":"0","name":"eventBus"}}
{"__type":"$$EventMessageNode","id":"50dc358e-de32-4565-afcd-68f87b18080d","ts":"2025-11-07T15:53:37.860-03:00","eventName":"n8n.node.finished","message":"n8n.node.finished","payload":{"workflowId":"gKHYaTt2JLUuIFnR","workflowName":"Fluxo Strapi → LM Studio → Strapi","executionId":"7","nodeType":"n8n-nodes-base.httpRequest","nodeName":"Enviar p/ LM Studio","nodeId":"697e7691-28d6-4806-a576-5f650160561c"}}
{"__type":"$$EventMessageConfirm","confirm":"50dc358e-de32-4565-afcd-68f87b18080d","ts":"2025-11-07T15:53:37.860-03:00","source":{"id":"0","name":"eventBus"}}
{"__type":"$$EventMessageNode","id":"2cb18aad-1177-4271-b81b-33bbd1c151a7","ts":"2025-11-07T15:53:37.860-03:00","eventName":"n8n.node.started","message":"n8n.node.started","payload":{"workflowId":"gKHYaTt2JLUuIFnR","workflowName":"Fluxo Strapi → LM Studio → Strapi","executionId":"7","nodeType":"n8n-nodes-base.httpRequest","nodeName":"Atualizar Strapi","nodeId":"4164bd26-7b87-44a2-9e29-9e97ff1ff0b3"}}
{"__type":"$$EventMessageConfirm","confirm":"2cb18aad-1177-4271-b81b-33bbd1c151a7","ts":"2025-11-07T15:53:37.861-03:00","source":{"id":"0","name":"eventBus"}}
{"__type":"$$EventMessageNode","id":"8d5defec-942a-449b-9c32-15eb230b7c49","ts":"2025-11-07T15:53:37.907-03:00","eventName":"n8n.node.finished","message":"n8n.node.finished","payload":{"workflowId":"gKHYaTt2JLUuIFnR","workflowName":"Fluxo Strapi → LM Studio → Strapi","executionId":"7","nodeType":"n8n-nodes-base.httpRequest","nodeName":"Atualizar Strapi","nodeId":"4164bd26-7b87-44a2-9e29-9e97ff1ff0b3"}}
{"__type":"$$EventMessageConfirm","confirm":"8d5defec-942a-449b-9c32-15eb230b7c49","ts":"2025-11-07T15:53:37.907-03:00","source":{"id":"0","name":"eventBus"}}
{"__type":"$$EventMessageWorkflow","id":"23aa2cb5-533b-4bcb-be39-c911eaf155cb","ts":"2025-11-07T15:53:37.909-03:00","eventName":"n8n.workflow.failed","message":"n8n.workflow.failed","payload":{"executionId":"7","success":false,"isManual":true,"workflowId":"gKHYaTt2JLUuIFnR","workflowName":"Fluxo Strapi → LM Studio → Strapi","lastNodeExecuted":"Atualizar Strapi","errorNodeType":"n8n-nodes-base.httpRequest","errorMessage":"Method not allowed - please check you are using the right HTTP method"}}
{"__type":"$$EventMessageConfirm","confirm":"23aa2cb5-533b-4bcb-be39-c911eaf155cb","ts":"2025-11-07T15:53:37.909-03:00","source":{"id":"0","name":"eventBus"}}
{"__type":"$$EventMessageWorkflow","id":"c518874b-5fd6-4a44-ad3f-a481348d8140","ts":"2025-11-07T15:56:25.932-03:00","eventName":"n8n.workflow.started","message":"n8n.workflow.started","payload":{"executionId":"8","workflowId":"gKHYaTt2JLUuIFnR","isManual":false,"workflowName":"Fluxo Strapi → LM Studio → Strapi"}}
{"__type":"$$EventMessageConfirm","confirm":"c518874b-5fd6-4a44-ad3f-a481348d8140","ts":"2025-11-07T15:56:25.932-03:00","source":{"id":"0","name":"eventBus"}}
{"__type":"$$EventMessageNode","id":"13400ee0-529d-4a19-bc11-98e1f13888bf","ts":"2025-11-07T15:56:25.932-03:00","eventName":"n8n.node.started","message":"n8n.node.started","payload":{"workflowId":"gKHYaTt2JLUuIFnR","workflowName":"Fluxo Strapi → LM Studio → Strapi","executionId":"8","nodeType":"n8n-nodes-base.webhook","nodeName":"Webhook (Nova Avaliação)","nodeId":"4f984f15-70a6-40b3-8000-ce838d8056eb"}}
{"__type":"$$EventMessageConfirm","confirm":"13400ee0-529d-4a19-bc11-98e1f13888bf","ts":"2025-11-07T15:56:25.932-03:00","source":{"id":"0","name":"eventBus"}}
{"__type":"$$EventMessageNode","id":"4d117073-1317-4f9d-9705-988c581a772c","ts":"2025-11-07T15:56:25.933-03:00","eventName":"n8n.node.finished","message":"n8n.node.finished","payload":{"workflowId":"gKHYaTt2JLUuIFnR","workflowName":"Fluxo Strapi → LM Studio → Strapi","executionId":"8","nodeType":"n8n-nodes-base.webhook","nodeName":"Webhook (Nova Avaliação)","nodeId":"4f984f15-70a6-40b3-8000-ce838d8056eb"}}
{"__type":"$$EventMessageConfirm","confirm":"4d117073-1317-4f9d-9705-988c581a772c","ts":"2025-11-07T15:56:25.933-03:00","source":{"id":"0","name":"eventBus"}}
{"__type":"$$EventMessageNode","id":"9f508823-3e7f-44b9-b1e8-7661da925ed1","ts":"2025-11-07T15:56:25.933-03:00","eventName":"n8n.node.started","message":"n8n.node.started","payload":{"workflowId":"gKHYaTt2JLUuIFnR","workflowName":"Fluxo Strapi → LM Studio → Strapi","executionId":"8","nodeType":"n8n-nodes-base.httpRequest","nodeName":"Enviar p/ LM Studio","nodeId":"697e7691-28d6-4806-a576-5f650160561c"}}
{"__type":"$$EventMessageConfirm","confirm":"9f508823-3e7f-44b9-b1e8-7661da925ed1","ts":"2025-11-07T15:56:25.933-03:00","source":{"id":"0","name":"eventBus"}}
{"__type":"$$EventMessageNode","id":"b9857673-2f6d-4b47-bdc0-c8fbe5e52ab7","ts":"2025-11-07T15:56:39.714-03:00","eventName":"n8n.node.finished","message":"n8n.node.finished","payload":{"workflowId":"gKHYaTt2JLUuIFnR","workflowName":"Fluxo Strapi → LM Studio → Strapi","executionId":"8","nodeType":"n8n-nodes-base.httpRequest","nodeName":"Enviar p/ LM Studio","nodeId":"697e7691-28d6-4806-a576-5f650160561c"}}
{"__type":"$$EventMessageConfirm","confirm":"b9857673-2f6d-4b47-bdc0-c8fbe5e52ab7","ts":"2025-11-07T15:56:39.714-03:00","source":{"id":"0","name":"eventBus"}}
{"__type":"$$EventMessageNode","id":"9824ec8c-ffc1-493a-848a-98237c8593bd","ts":"2025-11-07T15:56:39.715-03:00","eventName":"n8n.node.started","message":"n8n.node.started","payload":{"workflowId":"gKHYaTt2JLUuIFnR","workflowName":"Fluxo Strapi → LM Studio → Strapi","executionId":"8","nodeType":"n8n-nodes-base.httpRequest","nodeName":"Atualizar Strapi","nodeId":"4164bd26-7b87-44a2-9e29-9e97ff1ff0b3"}}
{"__type":"$$EventMessageConfirm","confirm":"9824ec8c-ffc1-493a-848a-98237c8593bd","ts":"2025-11-07T15:56:39.715-03:00","source":{"id":"0","name":"eventBus"}}
{"__type":"$$EventMessageNode","id":"623b2e32-658f-4227-b595-0035789753f4","ts":"2025-11-07T15:56:39.723-03:00","eventName":"n8n.node.finished","message":"n8n.node.finished","payload":{"workflowId":"gKHYaTt2JLUuIFnR","workflowName":"Fluxo Strapi → LM Studio → Strapi","executionId":"8","nodeType":"n8n-nodes-base.httpRequest","nodeName":"Atualizar Strapi","nodeId":"4164bd26-7b87-44a2-9e29-9e97ff1ff0b3"}}
{"__type":"$$EventMessageConfirm","confirm":"623b2e32-658f-4227-b595-0035789753f4","ts":"2025-11-07T15:56:39.723-03:00","source":{"id":"0","name":"eventBus"}}
{"__type":"$$EventMessageWorkflow","id":"2e64749d-50df-495a-be09-af0f892f2c5a","ts":"2025-11-07T15:56:39.724-03:00","eventName":"n8n.workflow.failed","message":"n8n.workflow.failed","payload":{"executionId":"8","success":false,"isManual":true,"workflowId":"gKHYaTt2JLUuIFnR","workflowName":"Fluxo Strapi → LM Studio → Strapi","lastNodeExecuted":"Atualizar Strapi","errorNodeType":"n8n-nodes-base.httpRequest","errorMessage":"The data in \"Body Parameters\" is no valid JSON. Set Body Content Type to \"RAW/Custom\" for XML or other types of payloads"}}
{"__type":"$$EventMessageConfirm","confirm":"2e64749d-50df-495a-be09-af0f892f2c5a","ts":"2025-11-07T15:56:39.724-03:00","source":{"id":"0","name":"eventBus"}}
{"__type":"$$EventMessageWorkflow","id":"7f789340-aa82-4cf7-b930-666c7c8f4ea7","ts":"2025-11-07T15:58:56.967-03:00","eventName":"n8n.workflow.started","message":"n8n.workflow.started","payload":{"executionId":"9","workflowId":"gKHYaTt2JLUuIFnR","isManual":false,"workflowName":"Fluxo Strapi → LM Studio → Strapi"}}
{"__type":"$$EventMessageConfirm","confirm":"7f789340-aa82-4cf7-b930-666c7c8f4ea7","ts":"2025-11-07T15:58:56.967-03:00","source":{"id":"0","name":"eventBus"}}
{"__type":"$$EventMessageNode","id":"5b7905fa-52b0-4457-ab23-01edccba6c56","ts":"2025-11-07T15:58:56.968-03:00","eventName":"n8n.node.started","message":"n8n.node.started","payload":{"workflowId":"gKHYaTt2JLUuIFnR","workflowName":"Fluxo Strapi → LM Studio → Strapi","executionId":"9","nodeType":"n8n-nodes-base.webhook","nodeName":"Webhook (Nova Avaliação)","nodeId":"4f984f15-70a6-40b3-8000-ce838d8056eb"}}
{"__type":"$$EventMessageConfirm","confirm":"5b7905fa-52b0-4457-ab23-01edccba6c56","ts":"2025-11-07T15:58:56.968-03:00","source":{"id":"0","name":"eventBus"}}
{"__type":"$$EventMessageNode","id":"997d6f6a-7446-4f12-9c88-f5eb0bad839c","ts":"2025-11-07T15:58:56.968-03:00","eventName":"n8n.node.finished","message":"n8n.node.finished","payload":{"workflowId":"gKHYaTt2JLUuIFnR","workflowName":"Fluxo Strapi → LM Studio → Strapi","executionId":"9","nodeType":"n8n-nodes-base.webhook","nodeName":"Webhook (Nova Avaliação)","nodeId":"4f984f15-70a6-40b3-8000-ce838d8056eb"}}
{"__type":"$$EventMessageConfirm","confirm":"997d6f6a-7446-4f12-9c88-f5eb0bad839c","ts":"2025-11-07T15:58:56.968-03:00","source":{"id":"0","name":"eventBus"}}
{"__type":"$$EventMessageNode","id":"62eda988-5664-4bb9-946e-998e8cbcaa73","ts":"2025-11-07T15:58:56.968-03:00","eventName":"n8n.node.started","message":"n8n.node.started","payload":{"workflowId":"gKHYaTt2JLUuIFnR","workflowName":"Fluxo Strapi → LM Studio → Strapi","executionId":"9","nodeType":"n8n-nodes-base.httpRequest","nodeName":"Enviar p/ LM Studio","nodeId":"697e7691-28d6-4806-a576-5f650160561c"}}
{"__type":"$$EventMessageConfirm","confirm":"62eda988-5664-4bb9-946e-998e8cbcaa73","ts":"2025-11-07T15:58:56.968-03:00","source":{"id":"0","name":"eventBus"}}
{"__type":"$$EventMessageNode","id":"708aac90-74d4-4001-a9b0-6ec8e3ecdd8f","ts":"2025-11-07T15:59:19.961-03:00","eventName":"n8n.node.finished","message":"n8n.node.finished","payload":{"workflowId":"gKHYaTt2JLUuIFnR","workflowName":"Fluxo Strapi → LM Studio → Strapi","executionId":"9","nodeType":"n8n-nodes-base.httpRequest","nodeName":"Enviar p/ LM Studio","nodeId":"697e7691-28d6-4806-a576-5f650160561c"}}
{"__type":"$$EventMessageConfirm","confirm":"708aac90-74d4-4001-a9b0-6ec8e3ecdd8f","ts":"2025-11-07T15:59:19.961-03:00","source":{"id":"0","name":"eventBus"}}
{"__type":"$$EventMessageNode","id":"f96428a0-d83f-456a-af7d-ecdf873f6181","ts":"2025-11-07T15:59:19.961-03:00","eventName":"n8n.node.started","message":"n8n.node.started","payload":{"workflowId":"gKHYaTt2JLUuIFnR","workflowName":"Fluxo Strapi → LM Studio → Strapi","executionId":"9","nodeType":"n8n-nodes-base.httpRequest","nodeName":"Atualizar Strapi","nodeId":"4164bd26-7b87-44a2-9e29-9e97ff1ff0b3"}}
{"__type":"$$EventMessageConfirm","confirm":"f96428a0-d83f-456a-af7d-ecdf873f6181","ts":"2025-11-07T15:59:19.961-03:00","source":{"id":"0","name":"eventBus"}}
{"__type":"$$EventMessageNode","id":"839be2e3-590b-44e1-aeac-c9dcb3e0c53e","ts":"2025-11-07T15:59:19.962-03:00","eventName":"n8n.node.finished","message":"n8n.node.finished","payload":{"workflowId":"gKHYaTt2JLUuIFnR","workflowName":"Fluxo Strapi → LM Studio → Strapi","executionId":"9","nodeType":"n8n-nodes-base.httpRequest","nodeName":"Atualizar Strapi","nodeId":"4164bd26-7b87-44a2-9e29-9e97ff1ff0b3"}}
{"__type":"$$EventMessageConfirm","confirm":"839be2e3-590b-44e1-aeac-c9dcb3e0c53e","ts":"2025-11-07T15:59:19.962-03:00","source":{"id":"0","name":"eventBus"}}
{"__type":"$$EventMessageWorkflow","id":"128898bf-99e2-4e92-bfba-8e79c8d7baad","ts":"2025-11-07T15:59:19.963-03:00","eventName":"n8n.workflow.failed","message":"n8n.workflow.failed","payload":{"executionId":"9","success":false,"isManual":true,"workflowId":"gKHYaTt2JLUuIFnR","workflowName":"Fluxo Strapi → LM Studio → Strapi","lastNodeExecuted":"Atualizar Strapi","errorNodeType":"n8n-nodes-base.httpRequest","errorMessage":"The data in \"Body Parameters\" is no valid JSON. Set Body Content Type to \"RAW/Custom\" for XML or other types of payloads"}}
{"__type":"$$EventMessageConfirm","confirm":"128898bf-99e2-4e92-bfba-8e79c8d7baad","ts":"2025-11-07T15:59:19.963-03:00","source":{"id":"0","name":"eventBus"}}
{"__type":"$$EventMessageWorkflow","id":"214107ec-b7b8-4c42-908c-813bdeb9abfe","ts":"2025-11-07T16:02:34.765-03:00","eventName":"n8n.workflow.started","message":"n8n.workflow.started","payload":{"executionId":"10","workflowId":"gKHYaTt2JLUuIFnR","isManual":false,"workflowName":"Fluxo Strapi → LM Studio → Strapi"}}
{"__type":"$$EventMessageConfirm","confirm":"214107ec-b7b8-4c42-908c-813bdeb9abfe","ts":"2025-11-07T16:02:34.765-03:00","source":{"id":"0","name":"eventBus"}}
{"__type":"$$EventMessageNode","id":"8c8b4a2f-fe18-482e-baf7-1f16a70ed494","ts":"2025-11-07T16:02:34.766-03:00","eventName":"n8n.node.started","message":"n8n.node.started","payload":{"workflowId":"gKHYaTt2JLUuIFnR","workflowName":"Fluxo Strapi → LM Studio → Strapi","executionId":"10","nodeType":"n8n-nodes-base.webhook","nodeName":"Webhook (Nova Avaliação)","nodeId":"4f984f15-70a6-40b3-8000-ce838d8056eb"}}
{"__type":"$$EventMessageConfirm","confirm":"8c8b4a2f-fe18-482e-baf7-1f16a70ed494","ts":"2025-11-07T16:02:34.766-03:00","source":{"id":"0","name":"eventBus"}}
{"__type":"$$EventMessageNode","id":"f06d8cf4-f5c9-44d5-969b-f713445e38cc","ts":"2025-11-07T16:02:34.766-03:00","eventName":"n8n.node.finished","message":"n8n.node.finished","payload":{"workflowId":"gKHYaTt2JLUuIFnR","workflowName":"Fluxo Strapi → LM Studio → Strapi","executionId":"10","nodeType":"n8n-nodes-base.webhook","nodeName":"Webhook (Nova Avaliação)","nodeId":"4f984f15-70a6-40b3-8000-ce838d8056eb"}}
{"__type":"$$EventMessageConfirm","confirm":"f06d8cf4-f5c9-44d5-969b-f713445e38cc","ts":"2025-11-07T16:02:34.766-03:00","source":{"id":"0","name":"eventBus"}}
{"__type":"$$EventMessageNode","id":"d5565bd6-d7f7-47a8-ab65-0a1940d78f8a","ts":"2025-11-07T16:02:34.766-03:00","eventName":"n8n.node.started","message":"n8n.node.started","payload":{"workflowId":"gKHYaTt2JLUuIFnR","workflowName":"Fluxo Strapi → LM Studio → Strapi","executionId":"10","nodeType":"n8n-nodes-base.httpRequest","nodeName":"Enviar p/ LM Studio","nodeId":"697e7691-28d6-4806-a576-5f650160561c"}}
{"__type":"$$EventMessageConfirm","confirm":"d5565bd6-d7f7-47a8-ab65-0a1940d78f8a","ts":"2025-11-07T16:02:34.766-03:00","source":{"id":"0","name":"eventBus"}}
{"__type":"$$EventMessageNode","id":"72ed3168-5ea7-465a-916c-c05f8d3a78f9","ts":"2025-11-07T16:03:02.907-03:00","eventName":"n8n.node.finished","message":"n8n.node.finished","payload":{"workflowId":"gKHYaTt2JLUuIFnR","workflowName":"Fluxo Strapi → LM Studio → Strapi","executionId":"10","nodeType":"n8n-nodes-base.httpRequest","nodeName":"Enviar p/ LM Studio","nodeId":"697e7691-28d6-4806-a576-5f650160561c"}}
{"__type":"$$EventMessageConfirm","confirm":"72ed3168-5ea7-465a-916c-c05f8d3a78f9","ts":"2025-11-07T16:03:02.907-03:00","source":{"id":"0","name":"eventBus"}}
{"__type":"$$EventMessageNode","id":"4657a606-8728-4707-b8c7-b71a60d2d11b","ts":"2025-11-07T16:03:02.908-03:00","eventName":"n8n.node.started","message":"n8n.node.started","payload":{"workflowId":"gKHYaTt2JLUuIFnR","workflowName":"Fluxo Strapi → LM Studio → Strapi","executionId":"10","nodeType":"n8n-nodes-base.httpRequest","nodeName":"Atualizar Strapi","nodeId":"4164bd26-7b87-44a2-9e29-9e97ff1ff0b3"}}
{"__type":"$$EventMessageConfirm","confirm":"4657a606-8728-4707-b8c7-b71a60d2d11b","ts":"2025-11-07T16:03:02.908-03:00","source":{"id":"0","name":"eventBus"}}
{"__type":"$$EventMessageNode","id":"286be241-6a6e-4b21-8689-78ecf05a712a","ts":"2025-11-07T16:03:02.909-03:00","eventName":"n8n.node.finished","message":"n8n.node.finished","payload":{"workflowId":"gKHYaTt2JLUuIFnR","workflowName":"Fluxo Strapi → LM Studio → Strapi","executionId":"10","nodeType":"n8n-nodes-base.httpRequest","nodeName":"Atualizar Strapi","nodeId":"4164bd26-7b87-44a2-9e29-9e97ff1ff0b3"}}
{"__type":"$$EventMessageConfirm","confirm":"286be241-6a6e-4b21-8689-78ecf05a712a","ts":"2025-11-07T16:03:02.909-03:00","source":{"id":"0","name":"eventBus"}}
{"__type":"$$EventMessageWorkflow","id":"4247c6ce-d045-4e54-8a78-f9d2ab3feade","ts":"2025-11-07T16:03:02.910-03:00","eventName":"n8n.workflow.failed","message":"n8n.workflow.failed","payload":{"executionId":"10","success":false,"isManual":true,"workflowId":"gKHYaTt2JLUuIFnR","workflowName":"Fluxo Strapi → LM Studio → Strapi","lastNodeExecuted":"Atualizar Strapi","errorNodeType":"n8n-nodes-base.httpRequest","errorMessage":"The data in \"Body Parameters\" is no valid JSON. Set Body Content Type to \"RAW/Custom\" for XML or other types of payloads"}}
{"__type":"$$EventMessageConfirm","confirm":"4247c6ce-d045-4e54-8a78-f9d2ab3feade","ts":"2025-11-07T16:03:02.910-03:00","source":{"id":"0","name":"eventBus"}}
{"__type":"$$EventMessageWorkflow","id":"f19865ff-1daa-4017-8bfc-1ecf7811c737","ts":"2025-11-07T16:03:43.735-03:00","eventName":"n8n.workflow.started","message":"n8n.workflow.started","payload":{"executionId":"11","workflowId":"gKHYaTt2JLUuIFnR","isManual":false,"workflowName":"Fluxo Strapi → LM Studio → Strapi"}}
{"__type":"$$EventMessageConfirm","confirm":"f19865ff-1daa-4017-8bfc-1ecf7811c737","ts":"2025-11-07T16:03:43.735-03:00","source":{"id":"0","name":"eventBus"}}
{"__type":"$$EventMessageNode","id":"622a93c1-11ef-4b92-8a60-fdd7a9e486d4","ts":"2025-11-07T16:03:43.736-03:00","eventName":"n8n.node.started","message":"n8n.node.started","payload":{"workflowId":"gKHYaTt2JLUuIFnR","workflowName":"Fluxo Strapi → LM Studio → Strapi","executionId":"11","nodeType":"n8n-nodes-base.webhook","nodeName":"Webhook (Nova Avaliação)","nodeId":"4f984f15-70a6-40b3-8000-ce838d8056eb"}}
{"__type":"$$EventMessageConfirm","confirm":"622a93c1-11ef-4b92-8a60-fdd7a9e486d4","ts":"2025-11-07T16:03:43.736-03:00","source":{"id":"0","name":"eventBus"}}
{"__type":"$$EventMessageNode","id":"adc3a224-363c-4b4f-86e3-35e031eede46","ts":"2025-11-07T16:03:43.736-03:00","eventName":"n8n.node.finished","message":"n8n.node.finished","payload":{"workflowId":"gKHYaTt2JLUuIFnR","workflowName":"Fluxo Strapi → LM Studio → Strapi","executionId":"11","nodeType":"n8n-nodes-base.webhook","nodeName":"Webhook (Nova Avaliação)","nodeId":"4f984f15-70a6-40b3-8000-ce838d8056eb"}}
{"__type":"$$EventMessageConfirm","confirm":"adc3a224-363c-4b4f-86e3-35e031eede46","ts":"2025-11-07T16:03:43.736-03:00","source":{"id":"0","name":"eventBus"}}
{"__type":"$$EventMessageNode","id":"1f6e8e26-06e5-44c6-bdaa-211e37956d4b","ts":"2025-11-07T16:03:43.736-03:00","eventName":"n8n.node.started","message":"n8n.node.started","payload":{"workflowId":"gKHYaTt2JLUuIFnR","workflowName":"Fluxo Strapi → LM Studio → Strapi","executionId":"11","nodeType":"n8n-nodes-base.httpRequest","nodeName":"Enviar p/ LM Studio","nodeId":"697e7691-28d6-4806-a576-5f650160561c"}}
{"__type":"$$EventMessageConfirm","confirm":"1f6e8e26-06e5-44c6-bdaa-211e37956d4b","ts":"2025-11-07T16:03:43.736-03:00","source":{"id":"0","name":"eventBus"}}
{"__type":"$$EventMessageNode","id":"fb0382b2-1f3c-4fe8-8465-e0f846364ead","ts":"2025-11-07T16:03:44.169-03:00","eventName":"n8n.node.finished","message":"n8n.node.finished","payload":{"workflowId":"gKHYaTt2JLUuIFnR","workflowName":"Fluxo Strapi → LM Studio → Strapi","executionId":"11","nodeType":"n8n-nodes-base.httpRequest","nodeName":"Enviar p/ LM Studio","nodeId":"697e7691-28d6-4806-a576-5f650160561c"}}
{"__type":"$$EventMessageConfirm","confirm":"fb0382b2-1f3c-4fe8-8465-e0f846364ead","ts":"2025-11-07T16:03:44.169-03:00","source":{"id":"0","name":"eventBus"}}
{"__type":"$$EventMessageNode","id":"8293bffb-3c7b-4336-b500-9d8bbaff5bbf","ts":"2025-11-07T16:03:44.169-03:00","eventName":"n8n.node.started","message":"n8n.node.started","payload":{"workflowId":"gKHYaTt2JLUuIFnR","workflowName":"Fluxo Strapi → LM Studio → Strapi","executionId":"11","nodeType":"n8n-nodes-base.httpRequest","nodeName":"Atualizar Strapi","nodeId":"4164bd26-7b87-44a2-9e29-9e97ff1ff0b3"}}
{"__type":"$$EventMessageConfirm","confirm":"8293bffb-3c7b-4336-b500-9d8bbaff5bbf","ts":"2025-11-07T16:03:44.169-03:00","source":{"id":"0","name":"eventBus"}}
{"__type":"$$EventMessageNode","id":"73a463b8-a219-4066-bd6a-7e4c51663620","ts":"2025-11-07T16:03:44.170-03:00","eventName":"n8n.node.finished","message":"n8n.node.finished","payload":{"workflowId":"gKHYaTt2JLUuIFnR","workflowName":"Fluxo Strapi → LM Studio → Strapi","executionId":"11","nodeType":"n8n-nodes-base.httpRequest","nodeName":"Atualizar Strapi","nodeId":"4164bd26-7b87-44a2-9e29-9e97ff1ff0b3"}}
{"__type":"$$EventMessageConfirm","confirm":"73a463b8-a219-4066-bd6a-7e4c51663620","ts":"2025-11-07T16:03:44.170-03:00","source":{"id":"0","name":"eventBus"}}
{"__type":"$$EventMessageWorkflow","id":"8c54a373-b729-48f5-9f31-89ee965bae59","ts":"2025-11-07T16:03:44.171-03:00","eventName":"n8n.workflow.failed","message":"n8n.workflow.failed","payload":{"executionId":"11","success":false,"isManual":true,"workflowId":"gKHYaTt2JLUuIFnR","workflowName":"Fluxo Strapi → LM Studio → Strapi","lastNodeExecuted":"Atualizar Strapi","errorNodeType":"n8n-nodes-base.httpRequest","errorMessage":"The data in \"Body Parameters\" is no valid JSON. Set Body Content Type to \"RAW/Custom\" for XML or other types of payloads"}}
{"__type":"$$EventMessageConfirm","confirm":"8c54a373-b729-48f5-9f31-89ee965bae59","ts":"2025-11-07T16:03:44.171-03:00","source":{"id":"0","name":"eventBus"}}
{"__type":"$$EventMessageWorkflow","id":"233cc7f0-0ab7-4e9d-ac5d-bf60d2d81431","ts":"2025-11-07T16:06:11.751-03:00","eventName":"n8n.workflow.started","message":"n8n.workflow.started","payload":{"executionId":"12","workflowId":"gKHYaTt2JLUuIFnR","isManual":false,"workflowName":"Fluxo Strapi → LM Studio → Strapi"}}
{"__type":"$$EventMessageConfirm","confirm":"233cc7f0-0ab7-4e9d-ac5d-bf60d2d81431","ts":"2025-11-07T16:06:11.751-03:00","source":{"id":"0","name":"eventBus"}}
{"__type":"$$EventMessageNode","id":"321ef41d-6058-4501-a07f-ea601947569b","ts":"2025-11-07T16:06:11.751-03:00","eventName":"n8n.node.started","message":"n8n.node.started","payload":{"workflowId":"gKHYaTt2JLUuIFnR","workflowName":"Fluxo Strapi → LM Studio → Strapi","executionId":"12","nodeType":"n8n-nodes-base.webhook","nodeName":"Webhook (Nova Avaliação)","nodeId":"4f984f15-70a6-40b3-8000-ce838d8056eb"}}
{"__type":"$$EventMessageConfirm","confirm":"321ef41d-6058-4501-a07f-ea601947569b","ts":"2025-11-07T16:06:11.752-03:00","source":{"id":"0","name":"eventBus"}}
{"__type":"$$EventMessageNode","id":"35dd1191-dab0-4c53-9e7d-b3f5d031fcf7","ts":"2025-11-07T16:06:11.752-03:00","eventName":"n8n.node.finished","message":"n8n.node.finished","payload":{"workflowId":"gKHYaTt2JLUuIFnR","workflowName":"Fluxo Strapi → LM Studio → Strapi","executionId":"12","nodeType":"n8n-nodes-base.webhook","nodeName":"Webhook (Nova Avaliação)","nodeId":"4f984f15-70a6-40b3-8000-ce838d8056eb"}}
{"__type":"$$EventMessageConfirm","confirm":"35dd1191-dab0-4c53-9e7d-b3f5d031fcf7","ts":"2025-11-07T16:06:11.752-03:00","source":{"id":"0","name":"eventBus"}}
{"__type":"$$EventMessageNode","id":"bead7580-3552-4255-b6ec-60746ed35962","ts":"2025-11-07T16:06:11.752-03:00","eventName":"n8n.node.started","message":"n8n.node.started","payload":{"workflowId":"gKHYaTt2JLUuIFnR","workflowName":"Fluxo Strapi → LM Studio → Strapi","executionId":"12","nodeType":"n8n-nodes-base.httpRequest","nodeName":"Enviar p/ LM Studio","nodeId":"697e7691-28d6-4806-a576-5f650160561c"}}
{"__type":"$$EventMessageConfirm","confirm":"bead7580-3552-4255-b6ec-60746ed35962","ts":"2025-11-07T16:06:11.752-03:00","source":{"id":"0","name":"eventBus"}}
{"__type":"$$EventMessageNode","id":"a1a6f9a0-507d-4afb-93ef-b24d79277224","ts":"2025-11-07T16:06:12.504-03:00","eventName":"n8n.node.finished","message":"n8n.node.finished","payload":{"workflowId":"gKHYaTt2JLUuIFnR","workflowName":"Fluxo Strapi → LM Studio → Strapi","executionId":"12","nodeType":"n8n-nodes-base.httpRequest","nodeName":"Enviar p/ LM Studio","nodeId":"697e7691-28d6-4806-a576-5f650160561c"}}
{"__type":"$$EventMessageConfirm","confirm":"a1a6f9a0-507d-4afb-93ef-b24d79277224","ts":"2025-11-07T16:06:12.504-03:00","source":{"id":"0","name":"eventBus"}}
{"__type":"$$EventMessageNode","id":"a8c67ddd-b57d-4b89-9622-47c362c331ab","ts":"2025-11-07T16:06:12.505-03:00","eventName":"n8n.node.started","message":"n8n.node.started","payload":{"workflowId":"gKHYaTt2JLUuIFnR","workflowName":"Fluxo Strapi → LM Studio → Strapi","executionId":"12","nodeType":"n8n-nodes-base.httpRequest","nodeName":"Atualizar Strapi","nodeId":"4164bd26-7b87-44a2-9e29-9e97ff1ff0b3"}}
{"__type":"$$EventMessageConfirm","confirm":"a8c67ddd-b57d-4b89-9622-47c362c331ab","ts":"2025-11-07T16:06:12.505-03:00","source":{"id":"0","name":"eventBus"}}
{"__type":"$$EventMessageNode","id":"0d738200-7c8f-4b55-8e21-25682710d37f","ts":"2025-11-07T16:06:12.536-03:00","eventName":"n8n.node.finished","message":"n8n.node.finished","payload":{"workflowId":"gKHYaTt2JLUuIFnR","workflowName":"Fluxo Strapi → LM Studio → Strapi","executionId":"12","nodeType":"n8n-nodes-base.httpRequest","nodeName":"Atualizar Strapi","nodeId":"4164bd26-7b87-44a2-9e29-9e97ff1ff0b3"}}
{"__type":"$$EventMessageConfirm","confirm":"0d738200-7c8f-4b55-8e21-25682710d37f","ts":"2025-11-07T16:06:12.536-03:00","source":{"id":"0","name":"eventBus"}}
{"__type":"$$EventMessageWorkflow","id":"22d1c8c3-4f34-4e7c-a3a2-63deb34f162e","ts":"2025-11-07T16:06:12.537-03:00","eventName":"n8n.workflow.failed","message":"n8n.workflow.failed","payload":{"executionId":"12","success":false,"isManual":true,"workflowId":"gKHYaTt2JLUuIFnR","workflowName":"Fluxo Strapi → LM Studio → Strapi","lastNodeExecuted":"Atualizar Strapi","errorNodeType":"n8n-nodes-base.httpRequest","errorMessage":"Method not allowed - please check you are using the right HTTP method"}}
{"__type":"$$EventMessageConfirm","confirm":"22d1c8c3-4f34-4e7c-a3a2-63deb34f162e","ts":"2025-11-07T16:06:12.537-03:00","source":{"id":"0","name":"eventBus"}}
{"__type":"$$EventMessageWorkflow","id":"9bbeefbd-fa1c-4b2f-8a3d-a057d06a8612","ts":"2025-11-07T16:06:27.324-03:00","eventName":"n8n.workflow.started","message":"n8n.workflow.started","payload":{"executionId":"13","workflowId":"gKHYaTt2JLUuIFnR","isManual":false,"workflowName":"Fluxo Strapi → LM Studio → Strapi"}}
{"__type":"$$EventMessageConfirm","confirm":"9bbeefbd-fa1c-4b2f-8a3d-a057d06a8612","ts":"2025-11-07T16:06:27.324-03:00","source":{"id":"0","name":"eventBus"}}
{"__type":"$$EventMessageNode","id":"4e2e567b-31c7-4b2c-bdd9-0032cb11742c","ts":"2025-11-07T16:06:27.324-03:00","eventName":"n8n.node.started","message":"n8n.node.started","payload":{"workflowId":"gKHYaTt2JLUuIFnR","workflowName":"Fluxo Strapi → LM Studio → Strapi","executionId":"13","nodeType":"n8n-nodes-base.webhook","nodeName":"Webhook (Nova Avaliação)","nodeId":"4f984f15-70a6-40b3-8000-ce838d8056eb"}}
{"__type":"$$EventMessageConfirm","confirm":"4e2e567b-31c7-4b2c-bdd9-0032cb11742c","ts":"2025-11-07T16:06:27.324-03:00","source":{"id":"0","name":"eventBus"}}
{"__type":"$$EventMessageNode","id":"f79a41cb-59fc-4d3a-8047-ae567bb8cb34","ts":"2025-11-07T16:06:27.324-03:00","eventName":"n8n.node.finished","message":"n8n.node.finished","payload":{"workflowId":"gKHYaTt2JLUuIFnR","workflowName":"Fluxo Strapi → LM Studio → Strapi","executionId":"13","nodeType":"n8n-nodes-base.webhook","nodeName":"Webhook (Nova Avaliação)","nodeId":"4f984f15-70a6-40b3-8000-ce838d8056eb"}}
{"__type":"$$EventMessageConfirm","confirm":"f79a41cb-59fc-4d3a-8047-ae567bb8cb34","ts":"2025-11-07T16:06:27.324-03:00","source":{"id":"0","name":"eventBus"}}
{"__type":"$$EventMessageNode","id":"dad65d39-3b09-48f3-9b1f-c48339afd108","ts":"2025-11-07T16:06:27.324-03:00","eventName":"n8n.node.started","message":"n8n.node.started","payload":{"workflowId":"gKHYaTt2JLUuIFnR","workflowName":"Fluxo Strapi → LM Studio → Strapi","executionId":"13","nodeType":"n8n-nodes-base.httpRequest","nodeName":"Enviar p/ LM Studio","nodeId":"697e7691-28d6-4806-a576-5f650160561c"}}
{"__type":"$$EventMessageConfirm","confirm":"dad65d39-3b09-48f3-9b1f-c48339afd108","ts":"2025-11-07T16:06:27.324-03:00","source":{"id":"0","name":"eventBus"}}
{"__type":"$$EventMessageNode","id":"4752bdfc-e6c6-4bd3-ba84-cd8900949d4a","ts":"2025-11-07T16:06:28.788-03:00","eventName":"n8n.node.finished","message":"n8n.node.finished","payload":{"workflowId":"gKHYaTt2JLUuIFnR","workflowName":"Fluxo Strapi → LM Studio → Strapi","executionId":"13","nodeType":"n8n-nodes-base.httpRequest","nodeName":"Enviar p/ LM Studio","nodeId":"697e7691-28d6-4806-a576-5f650160561c"}}
{"__type":"$$EventMessageConfirm","confirm":"4752bdfc-e6c6-4bd3-ba84-cd8900949d4a","ts":"2025-11-07T16:06:28.788-03:00","source":{"id":"0","name":"eventBus"}}
{"__type":"$$EventMessageNode","id":"8df448e2-a336-477b-8d51-54f07e088667","ts":"2025-11-07T16:06:28.788-03:00","eventName":"n8n.node.started","message":"n8n.node.started","payload":{"workflowId":"gKHYaTt2JLUuIFnR","workflowName":"Fluxo Strapi → LM Studio → Strapi","executionId":"13","nodeType":"n8n-nodes-base.httpRequest","nodeName":"Atualizar Strapi","nodeId":"4164bd26-7b87-44a2-9e29-9e97ff1ff0b3"}}
{"__type":"$$EventMessageConfirm","confirm":"8df448e2-a336-477b-8d51-54f07e088667","ts":"2025-11-07T16:06:28.788-03:00","source":{"id":"0","name":"eventBus"}}
{"__type":"$$EventMessageNode","id":"20798718-32c9-4e71-991c-d26e0265f158","ts":"2025-11-07T16:06:28.797-03:00","eventName":"n8n.node.finished","message":"n8n.node.finished","payload":{"workflowId":"gKHYaTt2JLUuIFnR","workflowName":"Fluxo Strapi → LM Studio → Strapi","executionId":"13","nodeType":"n8n-nodes-base.httpRequest","nodeName":"Atualizar Strapi","nodeId":"4164bd26-7b87-44a2-9e29-9e97ff1ff0b3"}}
{"__type":"$$EventMessageConfirm","confirm":"20798718-32c9-4e71-991c-d26e0265f158","ts":"2025-11-07T16:06:28.797-03:00","source":{"id":"0","name":"eventBus"}}
{"__type":"$$EventMessageWorkflow","id":"1346dac2-6ed2-429d-8b0f-8e5d9dc08ecc","ts":"2025-11-07T16:06:28.798-03:00","eventName":"n8n.workflow.failed","message":"n8n.workflow.failed","payload":{"executionId":"13","success":false,"isManual":true,"workflowId":"gKHYaTt2JLUuIFnR","workflowName":"Fluxo Strapi → LM Studio → Strapi","lastNodeExecuted":"Atualizar Strapi","errorNodeType":"n8n-nodes-base.httpRequest","errorMessage":"Method not allowed - please check you are using the right HTTP method"}}
{"__type":"$$EventMessageConfirm","confirm":"1346dac2-6ed2-429d-8b0f-8e5d9dc08ecc","ts":"2025-11-07T16:06:28.798-03:00","source":{"id":"0","name":"eventBus"}}
{"__type":"$$EventMessageWorkflow","id":"e365966a-54f2-416a-aa85-0878e59f564d","ts":"2025-11-07T16:07:23.274-03:00","eventName":"n8n.workflow.started","message":"n8n.workflow.started","payload":{"executionId":"14","workflowId":"gKHYaTt2JLUuIFnR","isManual":false,"workflowName":"Fluxo Strapi → LM Studio → Strapi"}}
{"__type":"$$EventMessageConfirm","confirm":"e365966a-54f2-416a-aa85-0878e59f564d","ts":"2025-11-07T16:07:23.274-03:00","source":{"id":"0","name":"eventBus"}}
{"__type":"$$EventMessageNode","id":"0c202ab2-d7cd-419d-9a4a-d06bdaea9131","ts":"2025-11-07T16:07:23.275-03:00","eventName":"n8n.node.started","message":"n8n.node.started","payload":{"workflowId":"gKHYaTt2JLUuIFnR","workflowName":"Fluxo Strapi → LM Studio → Strapi","executionId":"14","nodeType":"n8n-nodes-base.webhook","nodeName":"Webhook (Nova Avaliação)","nodeId":"4f984f15-70a6-40b3-8000-ce838d8056eb"}}
{"__type":"$$EventMessageConfirm","confirm":"0c202ab2-d7cd-419d-9a4a-d06bdaea9131","ts":"2025-11-07T16:07:23.275-03:00","source":{"id":"0","name":"eventBus"}}
{"__type":"$$EventMessageNode","id":"35500454-b394-4cc3-8015-19dc46f8ed4b","ts":"2025-11-07T16:07:23.275-03:00","eventName":"n8n.node.finished","message":"n8n.node.finished","payload":{"workflowId":"gKHYaTt2JLUuIFnR","workflowName":"Fluxo Strapi → LM Studio → Strapi","executionId":"14","nodeType":"n8n-nodes-base.webhook","nodeName":"Webhook (Nova Avaliação)","nodeId":"4f984f15-70a6-40b3-8000-ce838d8056eb"}}
{"__type":"$$EventMessageConfirm","confirm":"35500454-b394-4cc3-8015-19dc46f8ed4b","ts":"2025-11-07T16:07:23.275-03:00","source":{"id":"0","name":"eventBus"}}
{"__type":"$$EventMessageNode","id":"a535a9b2-753b-4e67-ab6e-3941f187b791","ts":"2025-11-07T16:07:23.275-03:00","eventName":"n8n.node.started","message":"n8n.node.started","payload":{"workflowId":"gKHYaTt2JLUuIFnR","workflowName":"Fluxo Strapi → LM Studio → Strapi","executionId":"14","nodeType":"n8n-nodes-base.httpRequest","nodeName":"Enviar p/ LM Studio","nodeId":"697e7691-28d6-4806-a576-5f650160561c"}}
{"__type":"$$EventMessageConfirm","confirm":"a535a9b2-753b-4e67-ab6e-3941f187b791","ts":"2025-11-07T16:07:23.275-03:00","source":{"id":"0","name":"eventBus"}}
{"__type":"$$EventMessageNode","id":"c4d2596b-ddaf-419c-9207-91e664c57931","ts":"2025-11-07T16:07:26.057-03:00","eventName":"n8n.node.finished","message":"n8n.node.finished","payload":{"workflowId":"gKHYaTt2JLUuIFnR","workflowName":"Fluxo Strapi → LM Studio → Strapi","executionId":"14","nodeType":"n8n-nodes-base.httpRequest","nodeName":"Enviar p/ LM Studio","nodeId":"697e7691-28d6-4806-a576-5f650160561c"}}
{"__type":"$$EventMessageConfirm","confirm":"c4d2596b-ddaf-419c-9207-91e664c57931","ts":"2025-11-07T16:07:26.057-03:00","source":{"id":"0","name":"eventBus"}}
{"__type":"$$EventMessageNode","id":"28a1768d-f95a-499e-9564-3e2d43aa6186","ts":"2025-11-07T16:07:26.057-03:00","eventName":"n8n.node.started","message":"n8n.node.started","payload":{"workflowId":"gKHYaTt2JLUuIFnR","workflowName":"Fluxo Strapi → LM Studio → Strapi","executionId":"14","nodeType":"n8n-nodes-base.httpRequest","nodeName":"Atualizar Strapi","nodeId":"4164bd26-7b87-44a2-9e29-9e97ff1ff0b3"}}
{"__type":"$$EventMessageConfirm","confirm":"28a1768d-f95a-499e-9564-3e2d43aa6186","ts":"2025-11-07T16:07:26.057-03:00","source":{"id":"0","name":"eventBus"}}
{"__type":"$$EventMessageNode","id":"103d9e75-88dd-4251-8ba4-b03a157c9fbe","ts":"2025-11-07T16:07:26.065-03:00","eventName":"n8n.node.finished","message":"n8n.node.finished","payload":{"workflowId":"gKHYaTt2JLUuIFnR","workflowName":"Fluxo Strapi → LM Studio → Strapi","executionId":"14","nodeType":"n8n-nodes-base.httpRequest","nodeName":"Atualizar Strapi","nodeId":"4164bd26-7b87-44a2-9e29-9e97ff1ff0b3"}}
{"__type":"$$EventMessageConfirm","confirm":"103d9e75-88dd-4251-8ba4-b03a157c9fbe","ts":"2025-11-07T16:07:26.065-03:00","source":{"id":"0","name":"eventBus"}}
{"__type":"$$EventMessageWorkflow","id":"65b2eadc-caf8-4fa3-9ab0-afa1bdedde6d","ts":"2025-11-07T16:07:26.066-03:00","eventName":"n8n.workflow.failed","message":"n8n.workflow.failed","payload":{"executionId":"14","success":false,"isManual":true,"workflowId":"gKHYaTt2JLUuIFnR","workflowName":"Fluxo Strapi → LM Studio → Strapi","lastNodeExecuted":"Atualizar Strapi","errorNodeType":"n8n-nodes-base.httpRequest","errorMessage":"Method not allowed - please check you are using the right HTTP method"}}
{"__type":"$$EventMessageConfirm","confirm":"65b2eadc-caf8-4fa3-9ab0-afa1bdedde6d","ts":"2025-11-07T16:07:26.066-03:00","source":{"id":"0","name":"eventBus"}}
{"__type":"$$EventMessageWorkflow","id":"f9c53745-c5d8-426a-a3ca-f9cda6b03b45","ts":"2025-11-07T16:07:35.704-03:00","eventName":"n8n.workflow.started","message":"n8n.workflow.started","payload":{"executionId":"15","workflowId":"gKHYaTt2JLUuIFnR","isManual":false,"workflowName":"Fluxo Strapi → LM Studio → Strapi"}}
{"__type":"$$EventMessageConfirm","confirm":"f9c53745-c5d8-426a-a3ca-f9cda6b03b45","ts":"2025-11-07T16:07:35.704-03:00","source":{"id":"0","name":"eventBus"}}
{"__type":"$$EventMessageNode","id":"3dd25642-c719-40a4-8fa0-3c2f009a0568","ts":"2025-11-07T16:07:35.704-03:00","eventName":"n8n.node.started","message":"n8n.node.started","payload":{"workflowId":"gKHYaTt2JLUuIFnR","workflowName":"Fluxo Strapi → LM Studio → Strapi","executionId":"15","nodeType":"n8n-nodes-base.webhook","nodeName":"Webhook (Nova Avaliação)","nodeId":"4f984f15-70a6-40b3-8000-ce838d8056eb"}}
{"__type":"$$EventMessageConfirm","confirm":"3dd25642-c719-40a4-8fa0-3c2f009a0568","ts":"2025-11-07T16:07:35.704-03:00","source":{"id":"0","name":"eventBus"}}
{"__type":"$$EventMessageNode","id":"06ad79f0-fdaf-440a-abc1-62579d32731c","ts":"2025-11-07T16:07:35.705-03:00","eventName":"n8n.node.finished","message":"n8n.node.finished","payload":{"workflowId":"gKHYaTt2JLUuIFnR","workflowName":"Fluxo Strapi → LM Studio → Strapi","executionId":"15","nodeType":"n8n-nodes-base.webhook","nodeName":"Webhook (Nova Avaliação)","nodeId":"4f984f15-70a6-40b3-8000-ce838d8056eb"}}
{"__type":"$$EventMessageConfirm","confirm":"06ad79f0-fdaf-440a-abc1-62579d32731c","ts":"2025-11-07T16:07:35.705-03:00","source":{"id":"0","name":"eventBus"}}
{"__type":"$$EventMessageNode","id":"0d5f69a1-1baa-4c3f-a449-65ac49e0fa9c","ts":"2025-11-07T16:07:35.705-03:00","eventName":"n8n.node.started","message":"n8n.node.started","payload":{"workflowId":"gKHYaTt2JLUuIFnR","workflowName":"Fluxo Strapi → LM Studio → Strapi","executionId":"15","nodeType":"n8n-nodes-base.httpRequest","nodeName":"Enviar p/ LM Studio","nodeId":"697e7691-28d6-4806-a576-5f650160561c"}}
{"__type":"$$EventMessageConfirm","confirm":"0d5f69a1-1baa-4c3f-a449-65ac49e0fa9c","ts":"2025-11-07T16:07:35.705-03:00","source":{"id":"0","name":"eventBus"}}
{"__type":"$$EventMessageNode","id":"1b671e08-284e-40b9-8e63-1ed0ae7cd59b","ts":"2025-11-07T16:08:12.973-03:00","eventName":"n8n.node.finished","message":"n8n.node.finished","payload":{"workflowId":"gKHYaTt2JLUuIFnR","workflowName":"Fluxo Strapi → LM Studio → Strapi","executionId":"15","nodeType":"n8n-nodes-base.httpRequest","nodeName":"Enviar p/ LM Studio","nodeId":"697e7691-28d6-4806-a576-5f650160561c"}}
{"__type":"$$EventMessageConfirm","confirm":"1b671e08-284e-40b9-8e63-1ed0ae7cd59b","ts":"2025-11-07T16:08:12.973-03:00","source":{"id":"0","name":"eventBus"}}
{"__type":"$$EventMessageNode","id":"d767784d-7e63-4581-8171-4e581c46299a","ts":"2025-11-07T16:08:12.973-03:00","eventName":"n8n.node.started","message":"n8n.node.started","payload":{"workflowId":"gKHYaTt2JLUuIFnR","workflowName":"Fluxo Strapi → LM Studio → Strapi","executionId":"15","nodeType":"n8n-nodes-base.httpRequest","nodeName":"Atualizar Strapi","nodeId":"4164bd26-7b87-44a2-9e29-9e97ff1ff0b3"}}
{"__type":"$$EventMessageConfirm","confirm":"d767784d-7e63-4581-8171-4e581c46299a","ts":"2025-11-07T16:08:12.973-03:00","source":{"id":"0","name":"eventBus"}}
{"__type":"$$EventMessageNode","id":"8e1a064b-819d-4806-8eb4-ce1026459199","ts":"2025-11-07T16:08:12.980-03:00","eventName":"n8n.node.finished","message":"n8n.node.finished","payload":{"workflowId":"gKHYaTt2JLUuIFnR","workflowName":"Fluxo Strapi → LM Studio → Strapi","executionId":"15","nodeType":"n8n-nodes-base.httpRequest","nodeName":"Atualizar Strapi","nodeId":"4164bd26-7b87-44a2-9e29-9e97ff1ff0b3"}}
{"__type":"$$EventMessageConfirm","confirm":"8e1a064b-819d-4806-8eb4-ce1026459199","ts":"2025-11-07T16:08:12.980-03:00","source":{"id":"0","name":"eventBus"}}
{"__type":"$$EventMessageWorkflow","id":"30221a00-6141-4cfd-80fd-88debaad956f","ts":"2025-11-07T16:08:12.981-03:00","eventName":"n8n.workflow.failed","message":"n8n.workflow.failed","payload":{"executionId":"15","success":false,"isManual":true,"workflowId":"gKHYaTt2JLUuIFnR","workflowName":"Fluxo Strapi → LM Studio → Strapi","lastNodeExecuted":"Atualizar Strapi","errorNodeType":"n8n-nodes-base.httpRequest","errorMessage":"Method not allowed - please check you are using the right HTTP method"}}
{"__type":"$$EventMessageConfirm","confirm":"30221a00-6141-4cfd-80fd-88debaad956f","ts":"2025-11-07T16:08:12.981-03:00","source":{"id":"0","name":"eventBus"}}
{"__type":"$$EventMessageWorkflow","id":"b0869c0e-9cbb-4814-8754-4982be36efd7","ts":"2025-11-07T16:19:57.565-03:00","eventName":"n8n.workflow.started","message":"n8n.workflow.started","payload":{"executionId":"16","workflowId":"gKHYaTt2JLUuIFnR","isManual":false,"workflowName":"Fluxo Strapi → LM Studio → Strapi"}}
{"__type":"$$EventMessageConfirm","confirm":"b0869c0e-9cbb-4814-8754-4982be36efd7","ts":"2025-11-07T16:19:57.565-03:00","source":{"id":"0","name":"eventBus"}}
{"__type":"$$EventMessageNode","id":"e70a9427-7716-40fd-80ce-3c217b522850","ts":"2025-11-07T16:19:57.565-03:00","eventName":"n8n.node.started","message":"n8n.node.started","payload":{"workflowId":"gKHYaTt2JLUuIFnR","workflowName":"Fluxo Strapi → LM Studio → Strapi","executionId":"16","nodeType":"n8n-nodes-base.webhook","nodeName":"Webhook (Nova Avaliação)","nodeId":"4f984f15-70a6-40b3-8000-ce838d8056eb"}}
{"__type":"$$EventMessageConfirm","confirm":"e70a9427-7716-40fd-80ce-3c217b522850","ts":"2025-11-07T16:19:57.566-03:00","source":{"id":"0","name":"eventBus"}}
{"__type":"$$EventMessageNode","id":"e1e4be99-9b27-4043-a6cd-15eb471c0b75","ts":"2025-11-07T16:19:57.566-03:00","eventName":"n8n.node.finished","message":"n8n.node.finished","payload":{"workflowId":"gKHYaTt2JLUuIFnR","workflowName":"Fluxo Strapi → LM Studio → Strapi","executionId":"16","nodeType":"n8n-nodes-base.webhook","nodeName":"Webhook (Nova Avaliação)","nodeId":"4f984f15-70a6-40b3-8000-ce838d8056eb"}}
{"__type":"$$EventMessageConfirm","confirm":"e1e4be99-9b27-4043-a6cd-15eb471c0b75","ts":"2025-11-07T16:19:57.566-03:00","source":{"id":"0","name":"eventBus"}}
{"__type":"$$EventMessageNode","id":"1b6c223e-18fc-4409-9369-5413ecee92e6","ts":"2025-11-07T16:19:57.566-03:00","eventName":"n8n.node.started","message":"n8n.node.started","payload":{"workflowId":"gKHYaTt2JLUuIFnR","workflowName":"Fluxo Strapi → LM Studio → Strapi","executionId":"16","nodeType":"n8n-nodes-base.httpRequest","nodeName":"Enviar p/ LM Studio","nodeId":"697e7691-28d6-4806-a576-5f650160561c"}}
{"__type":"$$EventMessageConfirm","confirm":"1b6c223e-18fc-4409-9369-5413ecee92e6","ts":"2025-11-07T16:19:57.566-03:00","source":{"id":"0","name":"eventBus"}}
{"__type":"$$EventMessageNode","id":"ff1ff555-7b20-49f9-866c-d294c1c5cad0","ts":"2025-11-07T16:20:06.254-03:00","eventName":"n8n.node.finished","message":"n8n.node.finished","payload":{"workflowId":"gKHYaTt2JLUuIFnR","workflowName":"Fluxo Strapi → LM Studio → Strapi","executionId":"16","nodeType":"n8n-nodes-base.httpRequest","nodeName":"Enviar p/ LM Studio","nodeId":"697e7691-28d6-4806-a576-5f650160561c"}}
{"__type":"$$EventMessageConfirm","confirm":"ff1ff555-7b20-49f9-866c-d294c1c5cad0","ts":"2025-11-07T16:20:06.254-03:00","source":{"id":"0","name":"eventBus"}}
{"__type":"$$EventMessageNode","id":"e5cbdbf1-3570-47f7-9785-0c519ecc02d8","ts":"2025-11-07T16:20:06.254-03:00","eventName":"n8n.node.started","message":"n8n.node.started","payload":{"workflowId":"gKHYaTt2JLUuIFnR","workflowName":"Fluxo Strapi → LM Studio → Strapi","executionId":"16","nodeType":"n8n-nodes-base.httpRequest","nodeName":"Atualizar Strapi","nodeId":"4164bd26-7b87-44a2-9e29-9e97ff1ff0b3"}}
{"__type":"$$EventMessageConfirm","confirm":"e5cbdbf1-3570-47f7-9785-0c519ecc02d8","ts":"2025-11-07T16:20:06.255-03:00","source":{"id":"0","name":"eventBus"}}
{"__type":"$$EventMessageNode","id":"b9febe9e-cfa6-4b35-af11-49cb6973fad4","ts":"2025-11-07T16:20:06.262-03:00","eventName":"n8n.node.finished","message":"n8n.node.finished","payload":{"workflowId":"gKHYaTt2JLUuIFnR","workflowName":"Fluxo Strapi → LM Studio → Strapi","executionId":"16","nodeType":"n8n-nodes-base.httpRequest","nodeName":"Atualizar Strapi","nodeId":"4164bd26-7b87-44a2-9e29-9e97ff1ff0b3"}}
{"__type":"$$EventMessageConfirm","confirm":"b9febe9e-cfa6-4b35-af11-49cb6973fad4","ts":"2025-11-07T16:20:06.262-03:00","source":{"id":"0","name":"eventBus"}}
{"__type":"$$EventMessageWorkflow","id":"67a32285-372c-4786-9ce6-44d2e937a8ac","ts":"2025-11-07T16:20:06.264-03:00","eventName":"n8n.workflow.failed","message":"n8n.workflow.failed","payload":{"executionId":"16","success":false,"isManual":true,"workflowId":"gKHYaTt2JLUuIFnR","workflowName":"Fluxo Strapi → LM Studio → Strapi","lastNodeExecuted":"Atualizar Strapi","errorNodeType":"n8n-nodes-base.httpRequest","errorMessage":"Method not allowed - please check you are using the right HTTP method"}}
{"__type":"$$EventMessageConfirm","confirm":"67a32285-372c-4786-9ce6-44d2e937a8ac","ts":"2025-11-07T16:20:06.264-03:00","source":{"id":"0","name":"eventBus"}}
{"__type":"$$EventMessageWorkflow","id":"e1c868ac-f77d-4ab5-8cd1-952210a6e051","ts":"2025-11-07T16:21:21.711-03:00","eventName":"n8n.workflow.started","message":"n8n.workflow.started","payload":{"executionId":"17","workflowId":"gKHYaTt2JLUuIFnR","isManual":false,"workflowName":"Fluxo Strapi → LM Studio → Strapi"}}
{"__type":"$$EventMessageConfirm","confirm":"e1c868ac-f77d-4ab5-8cd1-952210a6e051","ts":"2025-11-07T16:21:21.711-03:00","source":{"id":"0","name":"eventBus"}}
{"__type":"$$EventMessageNode","id":"c21e95ac-f068-4ddc-9c98-44c375e86aa6","ts":"2025-11-07T16:21:21.711-03:00","eventName":"n8n.node.started","message":"n8n.node.started","payload":{"workflowId":"gKHYaTt2JLUuIFnR","workflowName":"Fluxo Strapi → LM Studio → Strapi","executionId":"17","nodeType":"n8n-nodes-base.webhook","nodeName":"Webhook (Nova Avaliação)","nodeId":"4f984f15-70a6-40b3-8000-ce838d8056eb"}}
{"__type":"$$EventMessageConfirm","confirm":"c21e95ac-f068-4ddc-9c98-44c375e86aa6","ts":"2025-11-07T16:21:21.711-03:00","source":{"id":"0","name":"eventBus"}}
{"__type":"$$EventMessageNode","id":"1d6e5742-88d4-456b-b185-7be9c8c5ccd2","ts":"2025-11-07T16:21:21.711-03:00","eventName":"n8n.node.finished","message":"n8n.node.finished","payload":{"workflowId":"gKHYaTt2JLUuIFnR","workflowName":"Fluxo Strapi → LM Studio → Strapi","executionId":"17","nodeType":"n8n-nodes-base.webhook","nodeName":"Webhook (Nova Avaliação)","nodeId":"4f984f15-70a6-40b3-8000-ce838d8056eb"}}
{"__type":"$$EventMessageConfirm","confirm":"1d6e5742-88d4-456b-b185-7be9c8c5ccd2","ts":"2025-11-07T16:21:21.711-03:00","source":{"id":"0","name":"eventBus"}}
{"__type":"$$EventMessageNode","id":"c9db7af4-9fc6-46d7-8e84-7f9d7a66b083","ts":"2025-11-07T16:21:21.712-03:00","eventName":"n8n.node.started","message":"n8n.node.started","payload":{"workflowId":"gKHYaTt2JLUuIFnR","workflowName":"Fluxo Strapi → LM Studio → Strapi","executionId":"17","nodeType":"n8n-nodes-base.httpRequest","nodeName":"Enviar p/ LM Studio","nodeId":"697e7691-28d6-4806-a576-5f650160561c"}}
{"__type":"$$EventMessageConfirm","confirm":"c9db7af4-9fc6-46d7-8e84-7f9d7a66b083","ts":"2025-11-07T16:21:21.712-03:00","source":{"id":"0","name":"eventBus"}}
{"__type":"$$EventMessageNode","id":"17d8512c-4974-4dab-86ff-fa261c3b9169","ts":"2025-11-07T16:21:30.036-03:00","eventName":"n8n.node.finished","message":"n8n.node.finished","payload":{"workflowId":"gKHYaTt2JLUuIFnR","workflowName":"Fluxo Strapi → LM Studio → Strapi","executionId":"17","nodeType":"n8n-nodes-base.httpRequest","nodeName":"Enviar p/ LM Studio","nodeId":"697e7691-28d6-4806-a576-5f650160561c"}}
{"__type":"$$EventMessageConfirm","confirm":"17d8512c-4974-4dab-86ff-fa261c3b9169","ts":"2025-11-07T16:21:30.036-03:00","source":{"id":"0","name":"eventBus"}}
{"__type":"$$EventMessageNode","id":"5ab0ede9-c085-49dd-add0-ab3f626d6ae2","ts":"2025-11-07T16:21:30.036-03:00","eventName":"n8n.node.started","message":"n8n.node.started","payload":{"workflowId":"gKHYaTt2JLUuIFnR","workflowName":"Fluxo Strapi → LM Studio → Strapi","executionId":"17","nodeType":"n8n-nodes-base.httpRequest","nodeName":"Atualizar Strapi","nodeId":"4164bd26-7b87-44a2-9e29-9e97ff1ff0b3"}}
{"__type":"$$EventMessageConfirm","confirm":"5ab0ede9-c085-49dd-add0-ab3f626d6ae2","ts":"2025-11-07T16:21:30.036-03:00","source":{"id":"0","name":"eventBus"}}
{"__type":"$$EventMessageNode","id":"4af973d1-2810-4ea9-b0c9-2309570128fe","ts":"2025-11-07T16:21:30.048-03:00","eventName":"n8n.node.finished","message":"n8n.node.finished","payload":{"workflowId":"gKHYaTt2JLUuIFnR","workflowName":"Fluxo Strapi → LM Studio → Strapi","executionId":"17","nodeType":"n8n-nodes-base.httpRequest","nodeName":"Atualizar Strapi","nodeId":"4164bd26-7b87-44a2-9e29-9e97ff1ff0b3"}}
{"__type":"$$EventMessageConfirm","confirm":"4af973d1-2810-4ea9-b0c9-2309570128fe","ts":"2025-11-07T16:21:30.048-03:00","source":{"id":"0","name":"eventBus"}}
{"__type":"$$EventMessageWorkflow","id":"4453f30f-d27a-4149-93bc-2096a19ef75f","ts":"2025-11-07T16:21:30.050-03:00","eventName":"n8n.workflow.failed","message":"n8n.workflow.failed","payload":{"executionId":"17","success":false,"isManual":true,"workflowId":"gKHYaTt2JLUuIFnR","workflowName":"Fluxo Strapi → LM Studio → Strapi","lastNodeExecuted":"Atualizar Strapi","errorNodeType":"n8n-nodes-base.httpRequest","errorMessage":"Method not allowed - please check you are using the right HTTP method"}}
{"__type":"$$EventMessageConfirm","confirm":"4453f30f-d27a-4149-93bc-2096a19ef75f","ts":"2025-11-07T16:21:30.050-03:00","source":{"id":"0","name":"eventBus"}}
{"__type":"$$EventMessageWorkflow","id":"857e2038-1aba-4a9b-aa46-a87ea8d332ba","ts":"2025-11-07T16:24:18.733-03:00","eventName":"n8n.workflow.started","message":"n8n.workflow.started","payload":{"executionId":"18","workflowId":"gKHYaTt2JLUuIFnR","isManual":false,"workflowName":"Fluxo Strapi → LM Studio → Strapi"}}
{"__type":"$$EventMessageConfirm","confirm":"857e2038-1aba-4a9b-aa46-a87ea8d332ba","ts":"2025-11-07T16:24:18.733-03:00","source":{"id":"0","name":"eventBus"}}
{"__type":"$$EventMessageNode","id":"2e4cf639-25e3-416c-b13f-33fda3ef443f","ts":"2025-11-07T16:24:18.734-03:00","eventName":"n8n.node.started","message":"n8n.node.started","payload":{"workflowId":"gKHYaTt2JLUuIFnR","workflowName":"Fluxo Strapi → LM Studio → Strapi","executionId":"18","nodeType":"n8n-nodes-base.webhook","nodeName":"Webhook (Nova Avaliação)","nodeId":"4f984f15-70a6-40b3-8000-ce838d8056eb"}}
{"__type":"$$EventMessageConfirm","confirm":"2e4cf639-25e3-416c-b13f-33fda3ef443f","ts":"2025-11-07T16:24:18.734-03:00","source":{"id":"0","name":"eventBus"}}
{"__type":"$$EventMessageNode","id":"24346a2b-9f4a-46e9-910c-7092263dd851","ts":"2025-11-07T16:24:18.734-03:00","eventName":"n8n.node.finished","message":"n8n.node.finished","payload":{"workflowId":"gKHYaTt2JLUuIFnR","workflowName":"Fluxo Strapi → LM Studio → Strapi","executionId":"18","nodeType":"n8n-nodes-base.webhook","nodeName":"Webhook (Nova Avaliação)","nodeId":"4f984f15-70a6-40b3-8000-ce838d8056eb"}}
{"__type":"$$EventMessageConfirm","confirm":"24346a2b-9f4a-46e9-910c-7092263dd851","ts":"2025-11-07T16:24:18.734-03:00","source":{"id":"0","name":"eventBus"}}
{"__type":"$$EventMessageNode","id":"c6109b08-aa0a-4179-a234-1bb6db00656b","ts":"2025-11-07T16:24:18.734-03:00","eventName":"n8n.node.started","message":"n8n.node.started","payload":{"workflowId":"gKHYaTt2JLUuIFnR","workflowName":"Fluxo Strapi → LM Studio → Strapi","executionId":"18","nodeType":"n8n-nodes-base.httpRequest","nodeName":"Enviar p/ LM Studio","nodeId":"697e7691-28d6-4806-a576-5f650160561c"}}
{"__type":"$$EventMessageConfirm","confirm":"c6109b08-aa0a-4179-a234-1bb6db00656b","ts":"2025-11-07T16:24:18.734-03:00","source":{"id":"0","name":"eventBus"}}
{"__type":"$$EventMessageNode","id":"7b6d6c1f-404b-4d12-91a7-d41c71edd63e","ts":"2025-11-07T16:24:19.072-03:00","eventName":"n8n.node.finished","message":"n8n.node.finished","payload":{"workflowId":"gKHYaTt2JLUuIFnR","workflowName":"Fluxo Strapi → LM Studio → Strapi","executionId":"18","nodeType":"n8n-nodes-base.httpRequest","nodeName":"Enviar p/ LM Studio","nodeId":"697e7691-28d6-4806-a576-5f650160561c"}}
{"__type":"$$EventMessageConfirm","confirm":"7b6d6c1f-404b-4d12-91a7-d41c71edd63e","ts":"2025-11-07T16:24:19.072-03:00","source":{"id":"0","name":"eventBus"}}
{"__type":"$$EventMessageNode","id":"49499458-ba36-431e-b84e-ef9ad22c262a","ts":"2025-11-07T16:24:19.073-03:00","eventName":"n8n.node.started","message":"n8n.node.started","payload":{"workflowId":"gKHYaTt2JLUuIFnR","workflowName":"Fluxo Strapi → LM Studio → Strapi","executionId":"18","nodeType":"n8n-nodes-base.httpRequest","nodeName":"Atualizar Strapi","nodeId":"4164bd26-7b87-44a2-9e29-9e97ff1ff0b3"}}
{"__type":"$$EventMessageConfirm","confirm":"49499458-ba36-431e-b84e-ef9ad22c262a","ts":"2025-11-07T16:24:19.073-03:00","source":{"id":"0","name":"eventBus"}}
{"__type":"$$EventMessageNode","id":"a1faccc7-8856-4aab-9808-1ca69199ce22","ts":"2025-11-07T16:24:19.081-03:00","eventName":"n8n.node.finished","message":"n8n.node.finished","payload":{"workflowId":"gKHYaTt2JLUuIFnR","workflowName":"Fluxo Strapi → LM Studio → Strapi","executionId":"18","nodeType":"n8n-nodes-base.httpRequest","nodeName":"Atualizar Strapi","nodeId":"4164bd26-7b87-44a2-9e29-9e97ff1ff0b3"}}
{"__type":"$$EventMessageConfirm","confirm":"a1faccc7-8856-4aab-9808-1ca69199ce22","ts":"2025-11-07T16:24:19.081-03:00","source":{"id":"0","name":"eventBus"}}
{"__type":"$$EventMessageWorkflow","id":"15d020d4-bb79-41ac-a9e6-9c323df5646c","ts":"2025-11-07T16:24:19.082-03:00","eventName":"n8n.workflow.failed","message":"n8n.workflow.failed","payload":{"executionId":"18","success":false,"isManual":true,"workflowId":"gKHYaTt2JLUuIFnR","workflowName":"Fluxo Strapi → LM Studio → Strapi","lastNodeExecuted":"Atualizar Strapi","errorNodeType":"n8n-nodes-base.httpRequest","errorMessage":"Method not allowed - please check you are using the right HTTP method"}}
{"__type":"$$EventMessageConfirm","confirm":"15d020d4-bb79-41ac-a9e6-9c323df5646c","ts":"2025-11-07T16:24:19.082-03:00","source":{"id":"0","name":"eventBus"}}
{"__type":"$$EventMessageWorkflow","id":"307c0a88-b805-4533-9497-d519819ad569","ts":"2025-11-07T16:24:59.247-03:00","eventName":"n8n.workflow.started","message":"n8n.workflow.started","payload":{"executionId":"19","workflowId":"gKHYaTt2JLUuIFnR","isManual":false,"workflowName":"Fluxo Strapi → LM Studio → Strapi"}}
{"__type":"$$EventMessageConfirm","confirm":"307c0a88-b805-4533-9497-d519819ad569","ts":"2025-11-07T16:24:59.247-03:00","source":{"id":"0","name":"eventBus"}}
{"__type":"$$EventMessageNode","id":"72407e0c-75cf-4f8a-bf10-cac8a30f49d1","ts":"2025-11-07T16:24:59.247-03:00","eventName":"n8n.node.started","message":"n8n.node.started","payload":{"workflowId":"gKHYaTt2JLUuIFnR","workflowName":"Fluxo Strapi → LM Studio → Strapi","executionId":"19","nodeType":"n8n-nodes-base.webhook","nodeName":"Webhook (Nova Avaliação)","nodeId":"4f984f15-70a6-40b3-8000-ce838d8056eb"}}
{"__type":"$$EventMessageConfirm","confirm":"72407e0c-75cf-4f8a-bf10-cac8a30f49d1","ts":"2025-11-07T16:24:59.247-03:00","source":{"id":"0","name":"eventBus"}}
{"__type":"$$EventMessageNode","id":"435a92ad-479a-4ebf-a91e-9eee3c815529","ts":"2025-11-07T16:24:59.248-03:00","eventName":"n8n.node.finished","message":"n8n.node.finished","payload":{"workflowId":"gKHYaTt2JLUuIFnR","workflowName":"Fluxo Strapi → LM Studio → Strapi","executionId":"19","nodeType":"n8n-nodes-base.webhook","nodeName":"Webhook (Nova Avaliação)","nodeId":"4f984f15-70a6-40b3-8000-ce838d8056eb"}}
{"__type":"$$EventMessageConfirm","confirm":"435a92ad-479a-4ebf-a91e-9eee3c815529","ts":"2025-11-07T16:24:59.248-03:00","source":{"id":"0","name":"eventBus"}}
{"__type":"$$EventMessageNode","id":"9274f597-22f2-4060-94f2-97d58231c9c2","ts":"2025-11-07T16:24:59.248-03:00","eventName":"n8n.node.started","message":"n8n.node.started","payload":{"workflowId":"gKHYaTt2JLUuIFnR","workflowName":"Fluxo Strapi → LM Studio → Strapi","executionId":"19","nodeType":"n8n-nodes-base.httpRequest","nodeName":"Enviar p/ LM Studio","nodeId":"697e7691-28d6-4806-a576-5f650160561c"}}
{"__type":"$$EventMessageConfirm","confirm":"9274f597-22f2-4060-94f2-97d58231c9c2","ts":"2025-11-07T16:24:59.248-03:00","source":{"id":"0","name":"eventBus"}}
{"__type":"$$EventMessageNode","id":"5674d9a7-eb64-435d-a8e0-f939b74063ef","ts":"2025-11-07T16:24:59.888-03:00","eventName":"n8n.node.finished","message":"n8n.node.finished","payload":{"workflowId":"gKHYaTt2JLUuIFnR","workflowName":"Fluxo Strapi → LM Studio → Strapi","executionId":"19","nodeType":"n8n-nodes-base.httpRequest","nodeName":"Enviar p/ LM Studio","nodeId":"697e7691-28d6-4806-a576-5f650160561c"}}
{"__type":"$$EventMessageConfirm","confirm":"5674d9a7-eb64-435d-a8e0-f939b74063ef","ts":"2025-11-07T16:24:59.888-03:00","source":{"id":"0","name":"eventBus"}}
{"__type":"$$EventMessageNode","id":"1d624159-22d7-4ef2-96ba-ea09ac350237","ts":"2025-11-07T16:24:59.889-03:00","eventName":"n8n.node.started","message":"n8n.node.started","payload":{"workflowId":"gKHYaTt2JLUuIFnR","workflowName":"Fluxo Strapi → LM Studio → Strapi","executionId":"19","nodeType":"n8n-nodes-base.httpRequest","nodeName":"Atualizar Strapi","nodeId":"4164bd26-7b87-44a2-9e29-9e97ff1ff0b3"}}
{"__type":"$$EventMessageConfirm","confirm":"1d624159-22d7-4ef2-96ba-ea09ac350237","ts":"2025-11-07T16:24:59.889-03:00","source":{"id":"0","name":"eventBus"}}
{"__type":"$$EventMessageNode","id":"c1f3da83-9745-47c8-ae17-5f50f9c9a090","ts":"2025-11-07T16:24:59.892-03:00","eventName":"n8n.node.finished","message":"n8n.node.finished","payload":{"workflowId":"gKHYaTt2JLUuIFnR","workflowName":"Fluxo Strapi → LM Studio → Strapi","executionId":"19","nodeType":"n8n-nodes-base.httpRequest","nodeName":"Atualizar Strapi","nodeId":"4164bd26-7b87-44a2-9e29-9e97ff1ff0b3"}}
{"__type":"$$EventMessageConfirm","confirm":"c1f3da83-9745-47c8-ae17-5f50f9c9a090","ts":"2025-11-07T16:24:59.892-03:00","source":{"id":"0","name":"eventBus"}}
{"__type":"$$EventMessageWorkflow","id":"6449346a-2c30-4bcb-914d-a440b564e5f5","ts":"2025-11-07T16:24:59.893-03:00","eventName":"n8n.workflow.failed","message":"n8n.workflow.failed","payload":{"executionId":"19","success":false,"isManual":true,"workflowId":"gKHYaTt2JLUuIFnR","workflowName":"Fluxo Strapi → LM Studio → Strapi","lastNodeExecuted":"Atualizar Strapi","errorMessage":"Cannot create property 'accept' on string 'Content-Type: application/json\n'"}}
{"__type":"$$EventMessageConfirm","confirm":"6449346a-2c30-4bcb-914d-a440b564e5f5","ts":"2025-11-07T16:24:59.893-03:00","source":{"id":"0","name":"eventBus"}}
{"__type":"$$EventMessageWorkflow","id":"da379097-ced3-4b14-a115-8df134c8801e","ts":"2025-11-07T16:34:38.779-03:00","eventName":"n8n.workflow.started","message":"n8n.workflow.started","payload":{"executionId":"20","workflowId":"gKHYaTt2JLUuIFnR","isManual":false,"workflowName":"Fluxo Strapi → LM Studio → Strapi"}}
{"__type":"$$EventMessageConfirm","confirm":"da379097-ced3-4b14-a115-8df134c8801e","ts":"2025-11-07T16:34:38.780-03:00","source":{"id":"0","name":"eventBus"}}
{"__type":"$$EventMessageNode","id":"458a3c40-a9c7-4cc1-8955-0ffa1bf43be6","ts":"2025-11-07T16:34:38.780-03:00","eventName":"n8n.node.started","message":"n8n.node.started","payload":{"workflowId":"gKHYaTt2JLUuIFnR","workflowName":"Fluxo Strapi → LM Studio → Strapi","executionId":"20","nodeType":"n8n-nodes-base.webhook","nodeName":"Webhook (Nova Avaliação)","nodeId":"4f984f15-70a6-40b3-8000-ce838d8056eb"}}
{"__type":"$$EventMessageConfirm","confirm":"458a3c40-a9c7-4cc1-8955-0ffa1bf43be6","ts":"2025-11-07T16:34:38.780-03:00","source":{"id":"0","name":"eventBus"}}
{"__type":"$$EventMessageNode","id":"bcf767fb-af74-4d2c-8e50-1407534e8ac7","ts":"2025-11-07T16:34:38.780-03:00","eventName":"n8n.node.finished","message":"n8n.node.finished","payload":{"workflowId":"gKHYaTt2JLUuIFnR","workflowName":"Fluxo Strapi → LM Studio → Strapi","executionId":"20","nodeType":"n8n-nodes-base.webhook","nodeName":"Webhook (Nova Avaliação)","nodeId":"4f984f15-70a6-40b3-8000-ce838d8056eb"}}
{"__type":"$$EventMessageConfirm","confirm":"bcf767fb-af74-4d2c-8e50-1407534e8ac7","ts":"2025-11-07T16:34:38.780-03:00","source":{"id":"0","name":"eventBus"}}
{"__type":"$$EventMessageNode","id":"b743196c-2381-4805-a1b9-71aff04b7053","ts":"2025-11-07T16:34:38.780-03:00","eventName":"n8n.node.started","message":"n8n.node.started","payload":{"workflowId":"gKHYaTt2JLUuIFnR","workflowName":"Fluxo Strapi → LM Studio → Strapi","executionId":"20","nodeType":"n8n-nodes-base.httpRequest","nodeName":"Enviar p/ LM Studio","nodeId":"697e7691-28d6-4806-a576-5f650160561c"}}
{"__type":"$$EventMessageConfirm","confirm":"b743196c-2381-4805-a1b9-71aff04b7053","ts":"2025-11-07T16:34:38.780-03:00","source":{"id":"0","name":"eventBus"}}
{"__type":"$$EventMessageNode","id":"dc675611-28d5-4b39-b853-796d207f6810","ts":"2025-11-07T16:37:13.237-03:00","eventName":"n8n.node.finished","message":"n8n.node.finished","payload":{"workflowId":"gKHYaTt2JLUuIFnR","workflowName":"Fluxo Strapi → LM Studio → Strapi","executionId":"20","nodeType":"n8n-nodes-base.httpRequest","nodeName":"Enviar p/ LM Studio","nodeId":"697e7691-28d6-4806-a576-5f650160561c"}}
{"__type":"$$EventMessageConfirm","confirm":"dc675611-28d5-4b39-b853-796d207f6810","ts":"2025-11-07T16:37:13.237-03:00","source":{"id":"0","name":"eventBus"}}
{"__type":"$$EventMessageNode","id":"55815797-16aa-44fb-944c-26a5d746f860","ts":"2025-11-07T16:37:13.237-03:00","eventName":"n8n.node.started","message":"n8n.node.started","payload":{"workflowId":"gKHYaTt2JLUuIFnR","workflowName":"Fluxo Strapi → LM Studio → Strapi","executionId":"20","nodeType":"n8n-nodes-base.httpRequest","nodeName":"Atualizar Strapi","nodeId":"4164bd26-7b87-44a2-9e29-9e97ff1ff0b3"}}
{"__type":"$$EventMessageConfirm","confirm":"55815797-16aa-44fb-944c-26a5d746f860","ts":"2025-11-07T16:37:13.237-03:00","source":{"id":"0","name":"eventBus"}}
{"__type":"$$EventMessageNode","id":"b2b02053-5f4d-40d3-8b1c-24ac6a87049e","ts":"2025-11-07T16:37:13.238-03:00","eventName":"n8n.node.finished","message":"n8n.node.finished","payload":{"workflowId":"gKHYaTt2JLUuIFnR","workflowName":"Fluxo Strapi → LM Studio → Strapi","executionId":"20","nodeType":"n8n-nodes-base.httpRequest","nodeName":"Atualizar Strapi","nodeId":"4164bd26-7b87-44a2-9e29-9e97ff1ff0b3"}}
{"__type":"$$EventMessageConfirm","confirm":"b2b02053-5f4d-40d3-8b1c-24ac6a87049e","ts":"2025-11-07T16:37:13.239-03:00","source":{"id":"0","name":"eventBus"}}
{"__type":"$$EventMessageWorkflow","id":"f1e26a24-5dcc-42c7-a1c9-fc6dc8786c1c","ts":"2025-11-07T16:37:13.240-03:00","eventName":"n8n.workflow.failed","message":"n8n.workflow.failed","payload":{"executionId":"20","success":false,"isManual":true,"workflowId":"gKHYaTt2JLUuIFnR","workflowName":"Fluxo Strapi → LM Studio → Strapi","lastNodeExecuted":"Atualizar Strapi","errorMessage":"Cannot create property 'accept' on string '“Name”: Content-Type\n“Value”: application/json'"}}
{"__type":"$$EventMessageConfirm","confirm":"f1e26a24-5dcc-42c7-a1c9-fc6dc8786c1c","ts":"2025-11-07T16:37:13.240-03:00","source":{"id":"0","name":"eventBus"}}
